https://en.wikipedia.org/wiki/100_metres
https://en.wikipedia.org/wiki/10_Things_I_Hate_About_You
https://en.wikipedia.org/wiki/123Movies
https://en.wikipedia.org/wiki/1337x
https://en.wikipedia.org/wiki/2004_Indian_Ocean_earthquake_and_tsunami
https://en.wikipedia.org/wiki/2018_Asia_Cup
https://en.wikipedia.org/wiki/2021_Islamic_Solidarity_Games
https://en.wikipedia.org/wiki/2021–22_Formula_E_World_Championship
https://en.wikipedia.org/wiki/2022_ATP_Tour
https://en.wikipedia.org/wiki/2022_BWF_World_Championships
https://en.wikipedia.org/wiki/2022_Commonwealth_Games
https://en.wikipedia.org/wiki/2022_European_Athletics_Championships
https://en.wikipedia.org/wiki/2022_Gujarat_Legislative_Assembly_election
https://en.wikipedia.org/wiki/2022_ICC_Men's_T20_World_Cup
https://en.wikipedia.org/wiki/2022_MTV_Video_Music_Awards
https://en.wikipedia.org/wiki/2022_Russian_invasion_of_Ukraine
https://en.wikipedia.org/wiki/2022_United_States_House_of_Representatives_elections
https://en.wikipedia.org/wiki/2022_United_States_Senate_election_in_Pennsylvania
https://en.wikipedia.org/wiki/2022–23_La_Liga
https://en.wikipedia.org/wiki/2022–23_Manchester_United_F.C._season
https://en.wikipedia.org/wiki/2022–23_Premier_League
https://en.wikipedia.org/wiki/2022–23_UEFA_Champions_League_group_stage
https://en.wikipedia.org/wiki/2023_Formula_One_World_Championship
https://en.wikipedia.org/wiki/300_(film)
https://en.wikipedia.org/wiki/50_Cent
https://en.wikipedia.org/wiki/6ix9ine
https://en.wikipedia.org/wiki/94th_Academy_Awards
https://en.wikipedia.org/wiki/A
https://en.wikipedia.org/wiki/ADX_Florence
https://en.wikipedia.org/wiki/A_Dance_with_Dragons
https://en.wikipedia.org/wiki/A_Little_Life
https://en.wikipedia.org/wiki/A_Star_Is_Born_(2018_film)
https://en.wikipedia.org/wiki/Aaron_Paul
https://en.wikipedia.org/wiki/Aaron_Rodgers
https://en.wikipedia.org/wiki/Abraham_Lincoln
https://en.wikipedia.org/wiki/Accenture
https://en.wikipedia.org/wiki/Adam_Brody
https://en.wikipedia.org/wiki/Adam_Dell
https://en.wikipedia.org/wiki/Adam_Kinzinger
https://en.wikipedia.org/wiki/Adele
https://en.wikipedia.org/wiki/Adolf_Eichmann
https://en.wikipedia.org/wiki/Affogato
https://en.wikipedia.org/wiki/Africa
https://en.wikipedia.org/wiki/Airbus_A380
https://en.wikipedia.org/wiki/Ajax_(programming)
https://en.wikipedia.org/wiki/Al_Capone
https://en.wikipedia.org/wiki/Al_Gore
https://en.wikipedia.org/wiki/Alan_Arkin
https://en.wikipedia.org/wiki/Alana_Haim
https://en.wikipedia.org/wiki/Albert_Einstein
https://en.wikipedia.org/wiki/Aldo_Gucci
https://en.wikipedia.org/wiki/Aleksandar_Mitrović
https://en.wikipedia.org/wiki/Algeria
https://en.wikipedia.org/wiki/Ali_Khamenei
https://en.wikipedia.org/wiki/Alia_Shawkat
https://en.wikipedia.org/wiki/Alice_Cooper
https://en.wikipedia.org/wiki/Amala_Paul
https://en.wikipedia.org/wiki/Amber_Heard
https://en.wikipedia.org/wiki/Amrita_Singh
https://en.wikipedia.org/wiki/Amsterdam_(2022_film)
https://en.wikipedia.org/wiki/Anal_sex
https://en.wikipedia.org/wiki/Andy_Murray
https://en.wikipedia.org/wiki/Andy_Warhol
https://en.wikipedia.org/wiki/Anna_Gunn
https://en.wikipedia.org/wiki/Anthony_Edwards_(actor)
https://en.wikipedia.org/wiki/Anthony_Fauci
https://en.wikipedia.org/wiki/Anthony_Gordon_(footballer)
https://en.wikipedia.org/wiki/Anthony_Joshua
https://en.wikipedia.org/wiki/Antonio_Brown
https://en.wikipedia.org/wiki/Anushka_Shetty
https://en.wikipedia.org/wiki/Apocalypse_Now
https://en.wikipedia.org/wiki/Apollo_13
https://en.wikipedia.org/wiki/Aqib_Talib
https://en.wikipedia.org/wiki/Aquaman_and_the_Lost_Kingdom
https://en.wikipedia.org/wiki/Archangel
https://en.wikipedia.org/wiki/Arianna_Afsar
https://en.wikipedia.org/wiki/Armand_Hammer
https://en.wikipedia.org/wiki/Arnold_Schwarzenegger
https://en.wikipedia.org/wiki/Artemis
https://en.wikipedia.org/wiki/Asbestos
https://en.wikipedia.org/wiki/Ashanti_(singer)
https://en.wikipedia.org/wiki/Ashley_Judd
https://en.wikipedia.org/wiki/Ashley_Olsen
https://en.wikipedia.org/wiki/Ashoka_Chakra
https://en.wikipedia.org/wiki/Assassination_of_Shinzo_Abe
https://en.wikipedia.org/wiki/August_15
https://en.wikipedia.org/wiki/Augustine_of_Hippo
https://en.wikipedia.org/wiki/Automotive_industry
https://en.wikipedia.org/wiki/Avatar:_The_Last_Airbender_(upcoming_TV_series)
https://en.wikipedia.org/wiki/Avengers:_Infinity_War
https://en.wikipedia.org/wiki/Avram_Glazer
https://en.wikipedia.org/wiki/Axl_Rose
https://en.wikipedia.org/wiki/Axolotl
https://en.wikipedia.org/wiki/Ayn_Rand
https://en.wikipedia.org/wiki/Azerbaijan
https://en.wikipedia.org/wiki/BBC_World_Service
https://en.wikipedia.org/wiki/BDSM
https://en.wikipedia.org/wiki/BRICS
https://en.wikipedia.org/wiki/Baahubali_2:_The_Conclusion
https://en.wikipedia.org/wiki/Babylon
https://en.wikipedia.org/wiki/Back_to_the_Future
https://en.wikipedia.org/wiki/Bal_Gangadhar_Tilak
https://en.wikipedia.org/wiki/Balthazar_Getty
https://en.wikipedia.org/wiki/Bangkok
https://en.wikipedia.org/wiki/Bangladesh
https://en.wikipedia.org/wiki/Banksy
https://en.wikipedia.org/wiki/Bantu_Education_Act,_1953
https://en.wikipedia.org/wiki/Barry_Seal
https://en.wikipedia.org/wiki/Battle_of_the_Little_Bighorn
https://en.wikipedia.org/wiki/Bavaria
https://en.wikipedia.org/wiki/Bea_Arthur
https://en.wikipedia.org/wiki/Beast_(2022_American_film)
https://en.wikipedia.org/wiki/Belarus
https://en.wikipedia.org/wiki/Belize
https://en.wikipedia.org/wiki/Ben_Affleck
https://en.wikipedia.org/wiki/Benjamin_Bratt
https://en.wikipedia.org/wiki/Bermuda
https://en.wikipedia.org/wiki/Bermuda_Triangle
https://en.wikipedia.org/wiki/Bernie_Sanders
https://en.wikipedia.org/wiki/Billy_the_Kid
https://en.wikipedia.org/wiki/Bird
https://en.wikipedia.org/wiki/Black_Adam
https://en.wikipedia.org/wiki/Black_Bird_(miniseries)
https://en.wikipedia.org/wiki/Black_Panther:_Wakanda_Forever
https://en.wikipedia.org/wiki/Bob_Saget
https://en.wikipedia.org/wiki/Bobby_Fischer
https://en.wikipedia.org/wiki/Boeing_737_Next_Generation
https://en.wikipedia.org/wiki/Boeing_F/A-18E/F_Super_Hornet
https://en.wikipedia.org/wiki/Bon_Jovi
https://en.wikipedia.org/wiki/Bonnie_Wright
https://en.wikipedia.org/wiki/Borderline_personality_disorder
https://en.wikipedia.org/wiki/Bowls
https://en.wikipedia.org/wiki/Bradley_Whitford
https://en.wikipedia.org/wiki/Brandi_Worley
https://en.wikipedia.org/wiki/Brazil
https://en.wikipedia.org/wiki/Brazilian_jiu-jitsu
https://en.wikipedia.org/wiki/Brenda_Song
https://en.wikipedia.org/wiki/Brendan_Hines
https://en.wikipedia.org/wiki/Brett_Gelman
https://en.wikipedia.org/wiki/Brian_Austin_Green
https://en.wikipedia.org/wiki/Brian_Wilson
https://en.wikipedia.org/wiki/Bridgerton
https://en.wikipedia.org/wiki/Brighton_&_Hove_Albion_F.C.
https://en.wikipedia.org/wiki/British_Empire
https://en.wikipedia.org/wiki/Brooklyn_Nine-Nine
https://en.wikipedia.org/wiki/Brownie_(folklore)
https://en.wikipedia.org/wiki/Bryan_Cranston
https://en.wikipedia.org/wiki/Buffy_the_Vampire_Slayer
https://en.wikipedia.org/wiki/Bukayo_Saka
https://en.wikipedia.org/wiki/Bullet_Train_(novel)
https://en.wikipedia.org/wiki/C._S._Lewis
https://en.wikipedia.org/wiki/COVID-19
https://en.wikipedia.org/wiki/Calgary
https://en.wikipedia.org/wiki/Calista_Flockhart
https://en.wikipedia.org/wiki/Call_of_Duty:_Modern_Warfare_II_(2022_video_game)
https://en.wikipedia.org/wiki/Calliope
https://en.wikipedia.org/wiki/Cameron_Diaz
https://en.wikipedia.org/wiki/Camilla,_Duchess_of_Cornwall
https://en.wikipedia.org/wiki/Canary_Islands
https://en.wikipedia.org/wiki/Candy_Montgomery
https://en.wikipedia.org/wiki/Candyman_(2021_film)
https://en.wikipedia.org/wiki/Canelo_Álvarez
https://en.wikipedia.org/wiki/Car
https://en.wikipedia.org/wiki/Cardi_B
https://en.wikipedia.org/wiki/Carla_Gugino
https://en.wikipedia.org/wiki/Carmen_Electra
https://en.wikipedia.org/wiki/Carroll_Shelby
https://en.wikipedia.org/wiki/Carter_(2022_film)
https://en.wikipedia.org/wiki/Catherine_Zeta-Jones
https://en.wikipedia.org/wiki/Catherine_the_Great
https://en.wikipedia.org/wiki/Catholic_Church
https://en.wikipedia.org/wiki/Celtic_F.C.
https://en.wikipedia.org/wiki/Central_Intelligence_Agency
https://en.wikipedia.org/wiki/Characters_of_the_Marvel_Cinematic_Universe:_A–L
https://en.wikipedia.org/wiki/Charles_I_of_England
https://en.wikipedia.org/wiki/Charles_de_Gaulle
https://en.wikipedia.org/wiki/Charli_D'Amelio
https://en.wikipedia.org/wiki/Chicago_Fire_(TV_series)
https://en.wikipedia.org/wiki/Chief_executive_officer
https://en.wikipedia.org/wiki/Chile
https://en.wikipedia.org/wiki/Choi_Soo-young
https://en.wikipedia.org/wiki/Chris_Evans_(actor)
https://en.wikipedia.org/wiki/Chris_Kyle
https://en.wikipedia.org/wiki/Christopher_A._Wray
https://en.wikipedia.org/wiki/Christopher_Reeve
https://en.wikipedia.org/wiki/Clark_Gable
https://en.wikipedia.org/wiki/Clonazepam
https://en.wikipedia.org/wiki/Clu_Gulager
https://en.wikipedia.org/wiki/Cody_Gakpo
https://en.wikipedia.org/wiki/Cody_Simpson
https://en.wikipedia.org/wiki/Coffee
https://en.wikipedia.org/wiki/Colin_Firth
https://en.wikipedia.org/wiki/Colin_Jost
https://en.wikipedia.org/wiki/Commonwealth_of_Nations
https://en.wikipedia.org/wiki/Communism
https://en.wikipedia.org/wiki/Conor_Gallagher
https://en.wikipedia.org/wiki/Constance_Wu
https://en.wikipedia.org/wiki/Constantine_(film)
https://en.wikipedia.org/wiki/Constitution_of_the_United_States
https://en.wikipedia.org/wiki/Cooper_Hoffman
https://en.wikipedia.org/wiki/Cougar
https://en.wikipedia.org/wiki/Creedence_Clearwater_Revival
https://en.wikipedia.org/wiki/Crimea
https://en.wikipedia.org/wiki/Crunchyroll
https://en.wikipedia.org/wiki/Curaçao
https://en.wikipedia.org/wiki/Cyprus
https://en.wikipedia.org/wiki/D'Arcy_Carden
https://en.wikipedia.org/wiki/DJ_Khaled
https://en.wikipedia.org/wiki/Daisy_Ridley
https://en.wikipedia.org/wiki/Dakota_Johnson
https://en.wikipedia.org/wiki/Dan_Campbell
https://en.wikipedia.org/wiki/Dan_Stevens
https://en.wikipedia.org/wiki/Dani_Alves
https://en.wikipedia.org/wiki/Daniel_Day-Lewis
https://en.wikipedia.org/wiki/Darna_(2022_TV_series)
https://en.wikipedia.org/wiki/Dashavatara
https://en.wikipedia.org/wiki/Dave_Grohl
https://en.wikipedia.org/wiki/David_Burtka
https://en.wikipedia.org/wiki/David_Cassidy
https://en.wikipedia.org/wiki/David_Zaslav
https://en.wikipedia.org/wiki/Davy_Jones_(musician)
https://en.wikipedia.org/wiki/Dawood_Ibrahim
https://en.wikipedia.org/wiki/Day_Shift_(film)
https://en.wikipedia.org/wiki/Death_of_Marilyn_Monroe
https://en.wikipedia.org/wiki/Deaths_in_2022
https://en.wikipedia.org/wiki/Delhi
https://en.wikipedia.org/wiki/Demetrious_Johnson
https://en.wikipedia.org/wiki/Denial-of-service_attack
https://en.wikipedia.org/wiki/Denise_Dowse
https://en.wikipedia.org/wiki/Denise_Lewis
https://en.wikipedia.org/wiki/Dennis_Hopper
https://en.wikipedia.org/wiki/Devotion_(2022_film)
https://en.wikipedia.org/wiki/Dirty_Dancing
https://en.wikipedia.org/wiki/Disappearance_of_Madeleine_McCann
https://en.wikipedia.org/wiki/Doctor_Destiny
https://en.wikipedia.org/wiki/Dolly_Parton
https://en.wikipedia.org/wiki/Dominique_McElligott
https://en.wikipedia.org/wiki/Don't_Look_Up
https://en.wikipedia.org/wiki/Donald_Glover
https://en.wikipedia.org/wiki/Donna_Summer
https://en.wikipedia.org/wiki/Donnie_Wahlberg
https://en.wikipedia.org/wiki/Dota:_Dragon's_Blood
https://en.wikipedia.org/wiki/Dr._Dre
https://en.wikipedia.org/wiki/Drive_(2011_film)
https://en.wikipedia.org/wiki/Dulquer_Salmaan
https://en.wikipedia.org/wiki/Dune_(novel)
https://en.wikipedia.org/wiki/Dungeons_&_Dragons
https://en.wikipedia.org/wiki/Dustin_Diamond
https://en.wikipedia.org/wiki/Dustin_Poirier
https://en.wikipedia.org/wiki/Dwayne_Johnson_filmography
https://en.wikipedia.org/wiki/Dylan_O'Brien
https://en.wikipedia.org/wiki/E-Hentai
https://en.wikipedia.org/wiki/E.T._the_Extra-Terrestrial
https://en.wikipedia.org/wiki/Ed_O'Neill
https://en.wikipedia.org/wiki/Edward_II_of_England
https://en.wikipedia.org/wiki/Edward_Snowden
https://en.wikipedia.org/wiki/Edward_VI
https://en.wikipedia.org/wiki/Eilish_McColgan
https://en.wikipedia.org/wiki/Ek_Villain
https://en.wikipedia.org/wiki/Eleanor_Roosevelt
https://en.wikipedia.org/wiki/Elisabeth_Shue
https://en.wikipedia.org/wiki/Elizabeth_Gillies
https://en.wikipedia.org/wiki/Elizabeth_Montgomery
https://en.wikipedia.org/wiki/Ellen_Barkin
https://en.wikipedia.org/wiki/Ellen_Pompeo
https://en.wikipedia.org/wiki/Emilia_Jones
https://en.wikipedia.org/wiki/Emmett_Till
https://en.wikipedia.org/wiki/Emoji
https://en.wikipedia.org/wiki/Empire_of_Japan
https://en.wikipedia.org/wiki/Empress_Elisabeth_of_Austria
https://en.wikipedia.org/wiki/Epic_Games
https://en.wikipedia.org/wiki/Eric_Ly
https://en.wikipedia.org/wiki/Erik_ten_Hag
https://en.wikipedia.org/wiki/Eurofighter_Typhoon
https://en.wikipedia.org/wiki/Evan_Rachel_Wood
https://en.wikipedia.org/wiki/Evanescence
https://en.wikipedia.org/wiki/Everything_Everywhere_All_at_Once
https://en.wikipedia.org/wiki/Ex_Machina_(film)
https://en.wikipedia.org/wiki/FMovies
https://en.wikipedia.org/wiki/Fabien_Frankel
https://en.wikipedia.org/wiki/Family_Guy
https://en.wikipedia.org/wiki/Fantastic_Beasts_and_Where_to_Find_Them_(film)
https://en.wikipedia.org/wiki/Fast_X
https://en.wikipedia.org/wiki/Fatboy_Slim
https://en.wikipedia.org/wiki/Fayum_mummy_portraits
https://en.wikipedia.org/wiki/Fear_the_Walking_Dead
https://en.wikipedia.org/wiki/Fentanyl
https://en.wikipedia.org/wiki/Fergie_(singer)
https://en.wikipedia.org/wiki/Fibromyalgia
https://en.wikipedia.org/wiki/Fire_&_Blood_(novel)
https://en.wikipedia.org/wiki/FitGirl_Repacks
https://en.wikipedia.org/wiki/Five_Days_at_Memorial_(miniseries)
https://en.wikipedia.org/wiki/Fiverr
https://en.wikipedia.org/wiki/Flag_of_India
https://en.wikipedia.org/wiki/Formula_One
https://en.wikipedia.org/wiki/Forrest_Gump_(novel)
https://en.wikipedia.org/wiki/Forward_(association_football)
https://en.wikipedia.org/wiki/France_national_football_team
https://en.wikipedia.org/wiki/Fred_Armisen
https://en.wikipedia.org/wiki/Fred_Durst
https://en.wikipedia.org/wiki/Fred_Sirieix
https://en.wikipedia.org/wiki/Fresh_(2022_film)
https://en.wikipedia.org/wiki/Friedrich_Nietzsche
https://en.wikipedia.org/wiki/Fyodor_Dostoevsky
https://en.wikipedia.org/wiki/G
https://en.wikipedia.org/wiki/Gaalipata_2
https://en.wikipedia.org/wiki/Gal_Gadot
https://en.wikipedia.org/wiki/Gargi_(film)
https://en.wikipedia.org/wiki/Gary_Neville
https://en.wikipedia.org/wiki/Gene_LeBell
https://en.wikipedia.org/wiki/George_Foreman
https://en.wikipedia.org/wiki/George_H._W._Bush
https://en.wikipedia.org/wiki/George_Harrison
https://en.wikipedia.org/wiki/George_III
https://en.wikipedia.org/wiki/George_Miller_(filmmaker)
https://en.wikipedia.org/wiki/George_R._R._Martin
https://en.wikipedia.org/wiki/George_Soros
https://en.wikipedia.org/wiki/Germany_national_football_team
https://en.wikipedia.org/wiki/Ghulam_Nabi_Azad
https://en.wikipedia.org/wiki/Gladiator_(2000_film)
https://en.wikipedia.org/wiki/Glenn_Frey
https://en.wikipedia.org/wiki/Glock
https://en.wikipedia.org/wiki/Glory_Johnson
https://en.wikipedia.org/wiki/Goa
https://en.wikipedia.org/wiki/Goldie_Hawn
https://en.wikipedia.org/wiki/Gone_with_the_Wind_(film)
https://en.wikipedia.org/wiki/Google_Meet
https://en.wikipedia.org/wiki/Google_Scholar
https://en.wikipedia.org/wiki/Gorillaz
https://en.wikipedia.org/wiki/Gottfrid_Svartholm
https://en.wikipedia.org/wiki/Grease_(film)
https://en.wikipedia.org/wiki/Greta_Gerwig
https://en.wikipedia.org/wiki/Guam
https://en.wikipedia.org/wiki/Gulf_War
https://en.wikipedia.org/wiki/Guy_Ritchie
https://en.wikipedia.org/wiki/Gwyneth_Paltrow
https://en.wikipedia.org/wiki/H._P._Lovecraft
https://en.wikipedia.org/wiki/HDFC_Bank
https://en.wikipedia.org/wiki/HIT:_The_First_Case
https://en.wikipedia.org/wiki/HTTP_404
https://en.wikipedia.org/wiki/Hacks_(TV_series)
https://en.wikipedia.org/wiki/Haiti
https://en.wikipedia.org/wiki/Halle_Berry
https://en.wikipedia.org/wiki/Harriet_Hageman
https://en.wikipedia.org/wiki/Harshad_Mehta
https://en.wikipedia.org/wiki/Harvey_Elliott
https://en.wikipedia.org/wiki/Harvey_Weinstein
https://en.wikipedia.org/wiki/Hayao_Miyazaki
https://en.wikipedia.org/wiki/Hayden_Panettiere
https://en.wikipedia.org/wiki/Hedy_Lamarr
https://en.wikipedia.org/wiki/Henley_Passport_Index
https://en.wikipedia.org/wiki/Henry_Winkler
https://en.wikipedia.org/wiki/High_School_Musical:_The_Musical:_The_Series
https://en.wikipedia.org/wiki/Hilary_Duff
https://en.wikipedia.org/wiki/Hilary_Swank
https://en.wikipedia.org/wiki/Hill_303_massacre
https://en.wikipedia.org/wiki/Himalayas
https://en.wikipedia.org/wiki/Hirohito
https://en.wikipedia.org/wiki/History_of_the_British_farthing
https://en.wikipedia.org/wiki/Hockey_at_the_2022_Commonwealth_Games
https://en.wikipedia.org/wiki/Hockey_at_the_2022_Commonwealth_Games_–_Men's_tournament
https://en.wikipedia.org/wiki/Hockey_at_the_2022_Commonwealth_Games_–_Women's_tournament
https://en.wikipedia.org/wiki/Holy_Roman_Empire
https://en.wikipedia.org/wiki/Homi_J._Bhabha
https://en.wikipedia.org/wiki/House_(TV_series)
https://en.wikipedia.org/wiki/How_I_Met_Your_Mother
https://en.wikipedia.org/wiki/Howie_Mandel
https://en.wikipedia.org/wiki/Hugh_Jackman
https://en.wikipedia.org/wiki/Hulk_Hogan
https://en.wikipedia.org/wiki/Human
https://en.wikipedia.org/wiki/Hundred_Years'_War
https://en.wikipedia.org/wiki/Hunger_stone
https://en.wikipedia.org/wiki/Hunter_Biden
https://en.wikipedia.org/wiki/Hwang_Min-hyun
https://en.wikipedia.org/wiki/Hyderabad
https://en.wikipedia.org/wiki/ICC_Men's_T20_World_Cup
https://en.wikipedia.org/wiki/ISO_4217
https://en.wikipedia.org/wiki/ISO_8601
https://en.wikipedia.org/wiki/Iggy_Azalea
https://en.wikipedia.org/wiki/Iggy_Pop
https://en.wikipedia.org/wiki/Illuminati
https://en.wikipedia.org/wiki/Independent_politician
https://en.wikipedia.org/wiki/Index_of_Windows_games_(A)
https://en.wikipedia.org/wiki/IndiGo
https://en.wikipedia.org/wiki/India_at_the_2018_Commonwealth_Games
https://en.wikipedia.org/wiki/India_at_the_2022_Commonwealth_Games
https://en.wikipedia.org/wiki/India_women's_national_cricket_team
https://en.wikipedia.org/wiki/Indian_National_Congress
https://en.wikipedia.org/wiki/Indus_Valley_Civilisation
https://en.wikipedia.org/wiki/International_Monetary_Fund
https://en.wikipedia.org/wiki/Iran
https://en.wikipedia.org/wiki/Iraq
https://en.wikipedia.org/wiki/Ireland
https://en.wikipedia.org/wiki/Irv_Gotti
https://en.wikipedia.org/wiki/Ivan_the_Terrible
https://en.wikipedia.org/wiki/Ivan_the_Terrible_and_His_Son_Ivan
https://en.wikipedia.org/wiki/Jack_Antonoff
https://en.wikipedia.org/wiki/Jack_Dorsey
https://en.wikipedia.org/wiki/Jacob_deGrom
https://en.wikipedia.org/wiki/Jaguar
https://en.wikipedia.org/wiki/Jalisco_New_Generation_Cartel
https://en.wikipedia.org/wiki/Jamal_Musiala
https://en.wikipedia.org/wiki/James_Garner
https://en.wikipedia.org/wiki/James_Hetfield
https://en.wikipedia.org/wiki/Jamie_Campbell_Bower
https://en.wikipedia.org/wiki/Jamie_Foxx
https://en.wikipedia.org/wiki/Jane_Fonda
https://en.wikipedia.org/wiki/Janhvi_Kapoor
https://en.wikipedia.org/wiki/Janis_Joplin
https://en.wikipedia.org/wiki/Jared_Kushner
https://en.wikipedia.org/wiki/Jaren_Lewison
https://en.wikipedia.org/wiki/Jason_Momoa
https://en.wikipedia.org/wiki/Jason_Ritter
https://en.wikipedia.org/wiki/JavaScript
https://en.wikipedia.org/wiki/Java_(programming_language)
https://en.wikipedia.org/wiki/Jax_(singer)
https://en.wikipedia.org/wiki/Jay_Leno
https://en.wikipedia.org/wiki/Jeffrey_Dean_Morgan
https://en.wikipedia.org/wiki/Jelly_Roll_(singer)
https://en.wikipedia.org/wiki/Jennifer_Lawrence
https://en.wikipedia.org/wiki/Jenny_Slate
https://en.wikipedia.org/wiki/Jerry_Lewis
https://en.wikipedia.org/wiki/Jerry_O'Connell
https://en.wikipedia.org/wiki/Jessica_Biel
https://en.wikipedia.org/wiki/Jessica_Henwick
https://en.wikipedia.org/wiki/Jessica_Lange
https://en.wikipedia.org/wiki/Jesus
https://en.wikipedia.org/wiki/Jet_Li
https://en.wikipedia.org/wiki/Jhené_Aiko
https://en.wikipedia.org/wiki/Jill_Biden
https://en.wikipedia.org/wiki/Jim_Crow_laws
https://en.wikipedia.org/wiki/Jim_Jones
https://en.wikipedia.org/wiki/Jimmy_Fallon
https://en.wikipedia.org/wiki/Joan_Collins
https://en.wikipedia.org/wiki/Jodie_Foster
https://en.wikipedia.org/wiki/Jodie_Sweetin
https://en.wikipedia.org/wiki/Joe_Alwyn
https://en.wikipedia.org/wiki/Joe_Jonas
https://en.wikipedia.org/wiki/Joe_Manchin
https://en.wikipedia.org/wiki/Joe_Walsh
https://en.wikipedia.org/wiki/John_F._Kennedy
https://en.wikipedia.org/wiki/John_McAfee
https://en.wikipedia.org/wiki/John_McCain
https://en.wikipedia.org/wiki/John_McEnroe
https://en.wikipedia.org/wiki/Johnny_Depp
https://en.wikipedia.org/wiki/Joji_(musician)
https://en.wikipedia.org/wiki/Jojo_Rabbit
https://en.wikipedia.org/wiki/Jon_Favreau
https://en.wikipedia.org/wiki/Jon_Peters
https://en.wikipedia.org/wiki/Jon_Voight
https://en.wikipedia.org/wiki/Jonathan_Banks
https://en.wikipedia.org/wiki/Joni_Mitchell
https://en.wikipedia.org/wiki/Jorge_Masvidal
https://en.wikipedia.org/wiki/Joseph_P._Kennedy_Sr.
https://en.wikipedia.org/wiki/Joseph_Smith
https://en.wikipedia.org/wiki/Joseph_Tsai
https://en.wikipedia.org/wiki/Josh_Duhamel
https://en.wikipedia.org/wiki/Josh_Lucas
https://en.wikipedia.org/wiki/Josh_McDaniels
https://en.wikipedia.org/wiki/Judd_Apatow
https://en.wikipedia.org/wiki/Judith_Resnik
https://en.wikipedia.org/wiki/Julia_Butters
https://en.wikipedia.org/wiki/Julian_Assange
https://en.wikipedia.org/wiki/Justin_Theroux
https://en.wikipedia.org/wiki/Justin_Trudeau
https://en.wikipedia.org/wiki/Jyothika
https://en.wikipedia.org/wiki/K.G.F:_Chapter_2
https://en.wikipedia.org/wiki/Kaaba
https://en.wikipedia.org/wiki/Kamala_Harris
https://en.wikipedia.org/wiki/Karen_Gillan
https://en.wikipedia.org/wiki/Karl_Urban
https://en.wikipedia.org/wiki/Kashmir
https://en.wikipedia.org/wiki/Kat_Timpf
https://en.wikipedia.org/wiki/Katarina_Johnson-Thompson
https://en.wikipedia.org/wiki/Keke_Palmer
https://en.wikipedia.org/wiki/Kelly_Clarkson
https://en.wikipedia.org/wiki/Kelsey_Asbille
https://en.wikipedia.org/wiki/Kendrick_Lamar
https://en.wikipedia.org/wiki/Kenneth_Branagh
https://en.wikipedia.org/wiki/Kenny_Pickett
https://en.wikipedia.org/wiki/Kepler's_Supernova
https://en.wikipedia.org/wiki/Kesha
https://en.wikipedia.org/wiki/Kevin_Bacon
https://en.wikipedia.org/wiki/Kevin_Gates
https://en.wikipedia.org/wiki/Kevin_O'Leary
https://en.wikipedia.org/wiki/Khmer_Rouge
https://en.wikipedia.org/wiki/Killing_of_Caylee_Anthony
https://en.wikipedia.org/wiki/Killing_of_Gabby_Petito
https://en.wikipedia.org/wiki/Killing_of_JonBenét_Ramsey
https://en.wikipedia.org/wiki/Killing_of_Tim_McLean
https://en.wikipedia.org/wiki/Kim_Wexler
https://en.wikipedia.org/wiki/Kimberly_Guilfoyle
https://en.wikipedia.org/wiki/King_Arthur
https://en.wikipedia.org/wiki/King_Von
https://en.wikipedia.org/wiki/Kingsman:_The_Secret_Service
https://en.wikipedia.org/wiki/Kiss_(band)
https://en.wikipedia.org/wiki/Knives_Out
https://en.wikipedia.org/wiki/Kobe_Bryant
https://en.wikipedia.org/wiki/Kolkata
https://en.wikipedia.org/wiki/Korea
https://en.wikipedia.org/wiki/Kris_Kristofferson
https://en.wikipedia.org/wiki/Krithi_Shetty
https://en.wikipedia.org/wiki/Kuala_Lumpur
https://en.wikipedia.org/wiki/Kylian_Mbappé
https://en.wikipedia.org/wiki/Kyrgyzstan
https://en.wikipedia.org/wiki/Kyrsten_Sinema
https://en.wikipedia.org/wiki/LGBT
https://en.wikipedia.org/wiki/LVMH
https://en.wikipedia.org/wiki/La_Liga
https://en.wikipedia.org/wiki/Labor_Day
https://en.wikipedia.org/wiki/Lake_Bell
https://en.wikipedia.org/wiki/Larry_Page
https://en.wikipedia.org/wiki/Lauren_German
https://en.wikipedia.org/wiki/Law_&_Order:_Special_Victims_Unit
https://en.wikipedia.org/wiki/Lea_Thompson
https://en.wikipedia.org/wiki/League_of_Legends
https://en.wikipedia.org/wiki/Lebanon
https://en.wikipedia.org/wiki/Lee_Jong-suk
https://en.wikipedia.org/wiki/Lenny_Kravitz
https://en.wikipedia.org/wiki/Leonid_Brezhnev
https://en.wikipedia.org/wiki/Leprosy
https://en.wikipedia.org/wiki/Lex_Fridman
https://en.wikipedia.org/wiki/Liberia
https://en.wikipedia.org/wiki/Library_Genesis
https://en.wikipedia.org/wiki/Liger
https://en.wikipedia.org/wiki/Lil_Uzi_Vert
https://en.wikipedia.org/wiki/Limp_Bizkit
https://en.wikipedia.org/wiki/Linkin_Park
https://en.wikipedia.org/wiki/Lion
https://en.wikipedia.org/wiki/Lisa_(rapper)
https://en.wikipedia.org/wiki/Lisandro_Martínez
https://en.wikipedia.org/wiki/Liverpool_F.C.
https://en.wikipedia.org/wiki/Liz_Truss
https://en.wikipedia.org/wiki/Locke_&_Key
https://en.wikipedia.org/wiki/Lok_Sabha
https://en.wikipedia.org/wiki/Lost_(TV_series)
https://en.wikipedia.org/wiki/Love_Island_(2015_TV_series)
https://en.wikipedia.org/wiki/Lucille_Ball
https://en.wikipedia.org/wiki/Lucy_Boynton
https://en.wikipedia.org/wiki/Lucy_DeVito
https://en.wikipedia.org/wiki/Luis_Díaz_(Colombian_footballer)
https://en.wikipedia.org/wiki/Luke_Evans
https://en.wikipedia.org/wiki/Luke_Hemsworth
https://en.wikipedia.org/wiki/Luke_Macfarlane
https://en.wikipedia.org/wiki/Luke_Wilson
https://en.wikipedia.org/wiki/Luxembourg
https://en.wikipedia.org/wiki/Léa_Seydoux
https://en.wikipedia.org/wiki/MacOS
https://en.wikipedia.org/wiki/Maccabi_Haifa_F.C.
https://en.wikipedia.org/wiki/Mad_Max:_Fury_Road
https://en.wikipedia.org/wiki/Madagascar
https://en.wikipedia.org/wiki/Maggie_Smith
https://en.wikipedia.org/wiki/Maharani_(web_series)
https://en.wikipedia.org/wiki/Maharashtra
https://en.wikipedia.org/wiki/Maitreyi_Ramakrishnan
https://en.wikipedia.org/wiki/Maize
https://en.wikipedia.org/wiki/Malcolm_Glazer
https://en.wikipedia.org/wiki/Malcolm_X
https://en.wikipedia.org/wiki/Manhattan
https://en.wikipedia.org/wiki/Manti_Te'o
https://en.wikipedia.org/wiki/Marcia_Gay_Harden
https://en.wikipedia.org/wiki/Maria_Bello
https://en.wikipedia.org/wiki/Maria_Shriver
https://en.wikipedia.org/wiki/Mark_Antony
https://en.wikipedia.org/wiki/Mark_Salling
https://en.wikipedia.org/wiki/Marshawn_Lynch
https://en.wikipedia.org/wiki/Martha_Plimpton
https://en.wikipedia.org/wiki/Martin_Luther_King_Jr.
https://en.wikipedia.org/wiki/Martin_Sheen
https://en.wikipedia.org/wiki/Marvel_Cinematic_Universe:_Phase_Six
https://en.wikipedia.org/wiki/Mason_Greenwood
https://en.wikipedia.org/wiki/MasterChef_Australia_(series_14)
https://en.wikipedia.org/wiki/Matheus_Cunha
https://en.wikipedia.org/wiki/Matthew_Broderick
https://en.wikipedia.org/wiki/Matthew_Perry
https://en.wikipedia.org/wiki/Mauritania
https://en.wikipedia.org/wiki/Mazikeen
https://en.wikipedia.org/wiki/Me_Time_(film)
https://en.wikipedia.org/wiki/Mean_Girls
https://en.wikipedia.org/wiki/Mediterranean_Sea
https://en.wikipedia.org/wiki/Megan_Suri
https://en.wikipedia.org/wiki/Megan_Thee_Stallion
https://en.wikipedia.org/wiki/Melissa_McCarthy
https://en.wikipedia.org/wiki/Memphis_Depay
https://en.wikipedia.org/wiki/Methaqualone
https://en.wikipedia.org/wiki/Michael_Collins_(Irish_leader)
https://en.wikipedia.org/wiki/Michael_Richards
https://en.wikipedia.org/wiki/Michelle_Pfeiffer
https://en.wikipedia.org/wiki/Microsoft
https://en.wikipedia.org/wiki/Middle_East
https://en.wikipedia.org/wiki/Midnight_Mass_(miniseries)
https://en.wikipedia.org/wiki/Mike_Judge
https://en.wikipedia.org/wiki/Mikel_Arteta
https://en.wikipedia.org/wiki/Mila_Kunis
https://en.wikipedia.org/wiki/Milana_Vayntrub
https://en.wikipedia.org/wiki/Mindhunter_(TV_series)
https://en.wikipedia.org/wiki/Minions_(film)
https://en.wikipedia.org/wiki/Mission:_Impossible_(film_series)
https://en.wikipedia.org/wiki/Mission:_Impossible_–_Dead_Reckoning_Part_One
https://en.wikipedia.org/wiki/Mission:_Impossible_–_Fallout
https://en.wikipedia.org/wiki/Mission:_Impossible_–_Ghost_Protocol
https://en.wikipedia.org/wiki/Missionary_position
https://en.wikipedia.org/wiki/Mohamed_Hadid
https://en.wikipedia.org/wiki/Moldova
https://en.wikipedia.org/wiki/Mongolia
https://en.wikipedia.org/wiki/Montana
https://en.wikipedia.org/wiki/Moon_Knight_(TV_series)
https://en.wikipedia.org/wiki/Morgan_Freeman
https://en.wikipedia.org/wiki/Morse_code
https://en.wikipedia.org/wiki/Mount_Everest
https://en.wikipedia.org/wiki/Mount_Takahe
https://en.wikipedia.org/wiki/Mountain_View,_California
https://en.wikipedia.org/wiki/MrBeast
https://en.wikipedia.org/wiki/Ms._Marvel_(TV_series)
https://en.wikipedia.org/wiki/Multiplayer_video_game
https://en.wikipedia.org/wiki/Multiple_sclerosis
https://en.wikipedia.org/wiki/Muqtada_al-Sadr
https://en.wikipedia.org/wiki/Murder_of_Jun_Lin
https://en.wikipedia.org/wiki/Myanmar
https://en.wikipedia.org/wiki/Mötley_Crüe
https://en.wikipedia.org/wiki/N.W.A
https://en.wikipedia.org/wiki/NASA
https://en.wikipedia.org/wiki/NATO
https://en.wikipedia.org/wiki/Naagin_(2015_TV_series)
https://en.wikipedia.org/wiki/Nambi_Narayanan
https://en.wikipedia.org/wiki/Nancy_Heche
https://en.wikipedia.org/wiki/Nancy_Sinatra
https://en.wikipedia.org/wiki/Nasdaq
https://en.wikipedia.org/wiki/Natasha_Lyonne
https://en.wikipedia.org/wiki/Natasha_Richardson
https://en.wikipedia.org/wiki/Nate_Diaz
https://en.wikipedia.org/wiki/National_Basketball_Association
https://en.wikipedia.org/wiki/Neil_Armstrong
https://en.wikipedia.org/wiki/Neil_deGrasse_Tyson
https://en.wikipedia.org/wiki/Neom
https://en.wikipedia.org/wiki/Neon_Genesis_Evangelion
https://en.wikipedia.org/wiki/NewJeans
https://en.wikipedia.org/wiki/New_Jersey
https://en.wikipedia.org/wiki/New_Kids_on_the_Block
https://en.wikipedia.org/wiki/New_York_Stock_Exchange
https://en.wikipedia.org/wiki/Newcastle_United_F.C.
https://en.wikipedia.org/wiki/Newton's_laws_of_motion
https://en.wikipedia.org/wiki/Nick_Cave
https://en.wikipedia.org/wiki/Nick_Kyrgios
https://en.wikipedia.org/wiki/Nicola_Walker
https://en.wikipedia.org/wiki/Nicolas_Cage
https://en.wikipedia.org/wiki/Nicole_Kidman
https://en.wikipedia.org/wiki/Nikocado_Avocado
https://en.wikipedia.org/wiki/Nikola_Tesla
https://en.wikipedia.org/wiki/Nina_Dobrev
https://en.wikipedia.org/wiki/Nipsey_Hussle
https://en.wikipedia.org/wiki/Nithya_Menen
https://en.wikipedia.org/wiki/Nitin_Gadkari
https://en.wikipedia.org/wiki/Noam_Chomsky
https://en.wikipedia.org/wiki/Nobody_(2021_film)
https://en.wikipedia.org/wiki/Nolan_North
https://en.wikipedia.org/wiki/Non-binary_gender
https://en.wikipedia.org/wiki/Non-fungible_token
https://en.wikipedia.org/wiki/Normal_distribution
https://en.wikipedia.org/wiki/North_America
https://en.wikipedia.org/wiki/Northern_Ireland
https://en.wikipedia.org/wiki/Not_Okay
https://en.wikipedia.org/wiki/Novak_Djokovic
https://en.wikipedia.org/wiki/Nuclear_weapon
https://en.wikipedia.org/wiki/Oasis_(band)
https://en.wikipedia.org/wiki/Olivia_Cooke
https://en.wikipedia.org/wiki/Olivia_Rodrigo
https://en.wikipedia.org/wiki/Olympiacos_F.C.
https://en.wikipedia.org/wiki/One-Punch_Man
https://en.wikipedia.org/wiki/One_Piece_(season_20)
https://en.wikipedia.org/wiki/One_World_Trade_Center
https://en.wikipedia.org/wiki/OnlyFans
https://en.wikipedia.org/wiki/Opinion_polling_for_the_2022_Italian_general_election
https://en.wikipedia.org/wiki/Oppenheimer_(film)
https://en.wikipedia.org/wiki/Oswald_Mosley
https://en.wikipedia.org/wiki/Otto_Warmbier
https://en.wikipedia.org/wiki/Outlook.com
https://en.wikipedia.org/wiki/Owen_Wilson
https://en.wikipedia.org/wiki/Oxycodone
https://en.wikipedia.org/wiki/Paappan
https://en.wikipedia.org/wiki/Paddy_Considine
https://en.wikipedia.org/wiki/Padma_Lakshmi
https://en.wikipedia.org/wiki/Padre_Pio
https://en.wikipedia.org/wiki/Pantera
https://en.wikipedia.org/wiki/Pantheon,_Rome
https://en.wikipedia.org/wiki/Paolo_Gucci
https://en.wikipedia.org/wiki/Paracetamol
https://en.wikipedia.org/wiki/Pat_Carroll
https://en.wikipedia.org/wiki/Patrick_Carney
https://en.wikipedia.org/wiki/Patrick_Vieira
https://en.wikipedia.org/wiki/Paul_Allen
https://en.wikipedia.org/wiki/Paul_McCartney
https://en.wikipedia.org/wiki/Paul_Thomas_Anderson
https://en.wikipedia.org/wiki/Paul_Walker
https://en.wikipedia.org/wiki/Paul_Whelan_(security_director)
https://en.wikipedia.org/wiki/Paul_the_Apostle
https://en.wikipedia.org/wiki/PayPal
https://en.wikipedia.org/wiki/Pedro_Neto
https://en.wikipedia.org/wiki/Penn_Badgley
https://en.wikipedia.org/wiki/Petra
https://en.wikipedia.org/wiki/PewDiePie
https://en.wikipedia.org/wiki/Phil_McGraw
https://en.wikipedia.org/wiki/Philip_Perry
https://en.wikipedia.org/wiki/Pickleball
https://en.wikipedia.org/wiki/Pierre-Emerick_Aubameyang
https://en.wikipedia.org/wiki/Pinocchio_(2022_live-action_film)
https://en.wikipedia.org/wiki/Pisces_(astrology)
https://en.wikipedia.org/wiki/Pluto
https://en.wikipedia.org/wiki/Pokémon_(video_game_series)
https://en.wikipedia.org/wiki/Pompeii
https://en.wikipedia.org/wiki/Poorna_Jagannathan
https://en.wikipedia.org/wiki/Pope
https://en.wikipedia.org/wiki/Pornographic_film_actor
https://en.wikipedia.org/wiki/Pornography
https://en.wikipedia.org/wiki/Portia_de_Rossi
https://en.wikipedia.org/wiki/Power_Rangers
https://en.wikipedia.org/wiki/Predator_(film)
https://en.wikipedia.org/wiki/Pretty_Little_Liars:_Original_Sin
https://en.wikipedia.org/wiki/Prince_Edward,_Earl_of_Wessex
https://en.wikipedia.org/wiki/Prisoners_(2013_film)
https://en.wikipedia.org/wiki/Psoriasis
https://en.wikipedia.org/wiki/Psychology
https://en.wikipedia.org/wiki/Puerto_Rico
https://en.wikipedia.org/wiki/Punjab,_India
https://en.wikipedia.org/wiki/Quantum_mechanics
https://en.wikipedia.org/wiki/R._Ajay_Gnanamuthu
https://en.wikipedia.org/wiki/RARBG
https://en.wikipedia.org/wiki/RC15
https://en.wikipedia.org/wiki/Rahul_Gandhi
https://en.wikipedia.org/wiki/Raisa_Gorbacheva
https://en.wikipedia.org/wiki/Rajasthan
https://en.wikipedia.org/wiki/Raksha_Bandhan
https://en.wikipedia.org/wiki/Ram_Pothineni
https://en.wikipedia.org/wiki/Ramya_Krishnan
https://en.wikipedia.org/wiki/Ranveer_Singh
https://en.wikipedia.org/wiki/Raquel_Welch
https://en.wikipedia.org/wiki/Rastafari
https://en.wikipedia.org/wiki/Raul_Julia
https://en.wikipedia.org/wiki/Real_Madrid_CF
https://en.wikipedia.org/wiki/Reddit
https://en.wikipedia.org/wiki/Reese_Witherspoon
https://en.wikipedia.org/wiki/Republic_Day_(India)
https://en.wikipedia.org/wiki/Republic_of_China_Armed_Forces
https://en.wikipedia.org/wiki/Resident_Evil_(film_series)
https://en.wikipedia.org/wiki/Rhythm_0
https://en.wikipedia.org/wiki/Richard_Nixon
https://en.wikipedia.org/wiki/Ringo_Starr
https://en.wikipedia.org/wiki/Rita_Wilson
https://en.wikipedia.org/wiki/Ritchie_Valens
https://en.wikipedia.org/wiki/Riverdale_(2017_TV_series)
https://en.wikipedia.org/wiki/Road_House_(1989_film)
https://en.wikipedia.org/wiki/Rob_McElhenney
https://en.wikipedia.org/wiki/Rob_Zombie
https://en.wikipedia.org/wiki/Robbie_Williams
https://en.wikipedia.org/wiki/Robert_Duvall
https://en.wikipedia.org/wiki/Robert_F._Kennedy_Jr.
https://en.wikipedia.org/wiki/Robert_Pine
https://en.wikipedia.org/wiki/Robert_Wagner
https://en.wikipedia.org/wiki/Rock_music
https://en.wikipedia.org/wiki/Roger_Waters
https://en.wikipedia.org/wiki/Rohit_Sharma
https://en.wikipedia.org/wiki/Roman_Reigns
https://en.wikipedia.org/wiki/Ron_DeSantis
https://en.wikipedia.org/wiki/Rose_McGowan
https://en.wikipedia.org/wiki/Roshan_Mathew
https://en.wikipedia.org/wiki/Ruby_Rose
https://en.wikipedia.org/wiki/Rudy_Giuliani
https://en.wikipedia.org/wiki/Rupert_Grint
https://en.wikipedia.org/wiki/Russell_Brand
https://en.wikipedia.org/wiki/Russian_Empire
https://en.wikipedia.org/wiki/Ruud_van_Nistelrooy
https://en.wikipedia.org/wiki/Ryan_Giggs
https://en.wikipedia.org/wiki/Ryan_Phillippe
https://en.wikipedia.org/wiki/Ryan_Reynolds
https://en.wikipedia.org/wiki/Ryan_Roslansky
https://en.wikipedia.org/wiki/Ryanair
https://en.wikipedia.org/wiki/Sacheen_Littlefeather
https://en.wikipedia.org/wiki/Sadhguru
https://en.wikipedia.org/wiki/Sagittarius_(astrology)
https://en.wikipedia.org/wiki/Salaar
https://en.wikipedia.org/wiki/Saladin
https://en.wikipedia.org/wiki/Salem_witch_trials
https://en.wikipedia.org/wiki/Salman_Khan
https://en.wikipedia.org/wiki/Sam_Heughan
https://en.wikipedia.org/wiki/Sam_Mills
https://en.wikipedia.org/wiki/Sam_Raimi
https://en.wikipedia.org/wiki/Sam_Worthington
https://en.wikipedia.org/wiki/Samrat_Prithviraj
https://en.wikipedia.org/wiki/Santorini
https://en.wikipedia.org/wiki/Sarah_Hyland
https://en.wikipedia.org/wiki/Sarah_Jessica_Parker
https://en.wikipedia.org/wiki/Sarah_Michelle_Gellar
https://en.wikipedia.org/wiki/Scaphism
https://en.wikipedia.org/wiki/Scooby-Doo
https://en.wikipedia.org/wiki/Scorpio_(astrology)
https://en.wikipedia.org/wiki/Scottie_Pippen
https://en.wikipedia.org/wiki/Scream_(2022_film)
https://en.wikipedia.org/wiki/Sean_Combs
https://en.wikipedia.org/wiki/Second_Sino-Japanese_War
https://en.wikipedia.org/wiki/Sentinelese
https://en.wikipedia.org/wiki/Sergiño_Dest
https://en.wikipedia.org/wiki/Shabaash_Mithu
https://en.wikipedia.org/wiki/Shah_Rukh_Khan
https://en.wikipedia.org/wiki/Shah_Rukh_Khan_filmography
https://en.wikipedia.org/wiki/Shahbaz_Gill
https://en.wikipedia.org/wiki/Shailene_Woodley
https://en.wikipedia.org/wiki/Shamshera
https://en.wikipedia.org/wiki/Shawn_Ashmore
https://en.wikipedia.org/wiki/Shawn_Michaels
https://en.wikipedia.org/wiki/Shemar_Moore
https://en.wikipedia.org/wiki/Shirley_MacLaine
https://en.wikipedia.org/wiki/Shivaji
https://en.wikipedia.org/wiki/Shopee
https://en.wikipedia.org/wiki/Shopping_mall
https://en.wikipedia.org/wiki/Sidney_Poitier
https://en.wikipedia.org/wiki/Simo_Häyhä
https://en.wikipedia.org/wiki/Simona_Halep
https://en.wikipedia.org/wiki/Sivakarthikeyan
https://en.wikipedia.org/wiki/Skull_and_Bones
https://en.wikipedia.org/wiki/Slumdog_Millionaire
https://en.wikipedia.org/wiki/Sodomy
https://en.wikipedia.org/wiki/Sofia_Coppola
https://en.wikipedia.org/wiki/Solomon
https://en.wikipedia.org/wiki/Son_Heung-min
https://en.wikipedia.org/wiki/Sondra_Locke
https://en.wikipedia.org/wiki/Sons_of_Anarchy
https://en.wikipedia.org/wiki/Sophia_Loren
https://en.wikipedia.org/wiki/Soviet_Union
https://en.wikipedia.org/wiki/Soviet–Afghan_War
https://en.wikipedia.org/wiki/SpaceX_Starship
https://en.wikipedia.org/wiki/Spider-Man
https://en.wikipedia.org/wiki/Spider-Man_in_film
https://en.wikipedia.org/wiki/Spiderhead
https://en.wikipedia.org/wiki/Squid_Game
https://en.wikipedia.org/wiki/Stackdriver
https://en.wikipedia.org/wiki/Standard_deviation
https://en.wikipedia.org/wiki/Star_Trek:_Discovery
https://en.wikipedia.org/wiki/Star_Trek:_Strange_New_Worlds
https://en.wikipedia.org/wiki/Statue_of_Unity
https://en.wikipedia.org/wiki/Steam_(service)
https://en.wikipedia.org/wiki/Stephen_Baldwin
https://en.wikipedia.org/wiki/Stephen_Fry
https://en.wikipedia.org/wiki/Stephen_King_bibliography
https://en.wikipedia.org/wiki/Steve_Harvey
https://en.wikipedia.org/wiki/Steven_Gerrard
https://en.wikipedia.org/wiki/Stevie_Nicks
https://en.wikipedia.org/wiki/Stevie_Ray_Vaughan
https://en.wikipedia.org/wiki/Stockard_Channing
https://en.wikipedia.org/wiki/Stockholm
https://en.wikipedia.org/wiki/Sudan
https://en.wikipedia.org/wiki/Summer_Phoenix
https://en.wikipedia.org/wiki/Sundar_Pichai
https://en.wikipedia.org/wiki/Sunni_Islam
https://en.wikipedia.org/wiki/Survivor_South_Africa:_Return_of_the_Outcasts
https://en.wikipedia.org/wiki/Sweden–NATO_relations
https://en.wikipedia.org/wiki/Syd_Barrett
https://en.wikipedia.org/wiki/System_of_a_Down
https://en.wikipedia.org/wiki/Taiping_Rebellion
https://en.wikipedia.org/wiki/Taiwan
https://en.wikipedia.org/wiki/Taiwo_Awoniyi
https://en.wikipedia.org/wiki/Taron_Egerton
https://en.wikipedia.org/wiki/Tata_family
https://en.wikipedia.org/wiki/Taxi_Driver
https://en.wikipedia.org/wiki/Taylor_Hawkins
https://en.wikipedia.org/wiki/Ted_Kaczynski
https://en.wikipedia.org/wiki/Teetotalism
https://en.wikipedia.org/wiki/Ten_Commandments
https://en.wikipedia.org/wiki/Tesla,_Inc.
https://en.wikipedia.org/wiki/Tessa_Thompson
https://en.wikipedia.org/wiki/The_15:17_to_Paris
https://en.wikipedia.org/wiki/The_Avengers_(2012_film)
https://en.wikipedia.org/wiki/The_Black_Phone
https://en.wikipedia.org/wiki/The_Blacklist
https://en.wikipedia.org/wiki/The_Boys_(comics)
https://en.wikipedia.org/wiki/The_Boys_(season_1)
https://en.wikipedia.org/wiki/The_Boys_(season_2)
https://en.wikipedia.org/wiki/The_Catcher_in_the_Rye
https://en.wikipedia.org/wiki/The_Challenge_(TV_series)
https://en.wikipedia.org/wiki/The_Devil_Wears_Prada_(film)
https://en.wikipedia.org/wiki/The_Doors
https://en.wikipedia.org/wiki/The_Expanse_(TV_series)
https://en.wikipedia.org/wiki/The_Gentlemen_(2019_film)
https://en.wikipedia.org/wiki/The_Good,_the_Bad_and_the_Ugly
https://en.wikipedia.org/wiki/The_Great_(TV_series)
https://en.wikipedia.org/wiki/The_Great_British_Bake_Off
https://en.wikipedia.org/wiki/The_Great_Gatsby
https://en.wikipedia.org/wiki/The_Handmaid's_Tale_(TV_series)
https://en.wikipedia.org/wiki/The_Haunting_of_Hill_House_(TV_series)
https://en.wikipedia.org/wiki/The_Invitation_(2015_film)
https://en.wikipedia.org/wiki/The_King's_Affection
https://en.wikipedia.org/wiki/The_Last_Duel_(2021_film)
https://en.wikipedia.org/wiki/The_Last_Kingdom_(TV_series)
https://en.wikipedia.org/wiki/The_Lion_King
https://en.wikipedia.org/wiki/The_Lord_of_the_Rings:_The_Return_of_the_King
https://en.wikipedia.org/wiki/The_Lord_of_the_Rings_(film_series)
https://en.wikipedia.org/wiki/The_Marble_Index
https://en.wikipedia.org/wiki/The_Marvelous_Mrs._Maisel
https://en.wikipedia.org/wiki/The_Most_Hated_Man_on_the_Internet
https://en.wikipedia.org/wiki/The_Nice_Guys
https://en.wikipedia.org/wiki/The_Office_(American_TV_series)
https://en.wikipedia.org/wiki/The_Orville_(season_3)
https://en.wikipedia.org/wiki/The_Prestige_(film)
https://en.wikipedia.org/wiki/The_Rocky_Horror_Picture_Show
https://en.wikipedia.org/wiki/The_Sandman_(comic_book)
https://en.wikipedia.org/wiki/The_Satanic_Verses
https://en.wikipedia.org/wiki/The_Sinner_(TV_series)
https://en.wikipedia.org/wiki/The_Sopranos
https://en.wikipedia.org/wiki/The_Starry_Night
https://en.wikipedia.org/wiki/The_Summer_I_Turned_Pretty_(TV_series)
https://en.wikipedia.org/wiki/The_Talented_Mr._Ripley_(film)
https://en.wikipedia.org/wiki/The_Times_of_India
https://en.wikipedia.org/wiki/The_Truman_Show
https://en.wikipedia.org/wiki/The_Twilight_Saga_(film_series)
https://en.wikipedia.org/wiki/The_Umbrella_Academy_(TV_series)
https://en.wikipedia.org/wiki/The_Wheel_of_Time_(TV_series)
https://en.wikipedia.org/wiki/Theo_James
https://en.wikipedia.org/wiki/Thiago_Silva
https://en.wikipedia.org/wiki/Thierry_Henry
https://en.wikipedia.org/wiki/Thomas_Brodie-Sangster
https://en.wikipedia.org/wiki/Thugs_of_Hindostan
https://en.wikipedia.org/wiki/Thylacine
https://en.wikipedia.org/wiki/Timeline_of_the_2022_Russian_invasion_of_Ukraine
https://en.wikipedia.org/wiki/Timothée_Chalamet
https://en.wikipedia.org/wiki/Todd_Boehly
https://en.wikipedia.org/wiki/Tom_Hanks
https://en.wikipedia.org/wiki/Tom_Hiddleston
https://en.wikipedia.org/wiki/Tommy_Dorfman
https://en.wikipedia.org/wiki/Tommy_Lee_Jones
https://en.wikipedia.org/wiki/Tommy_Morrison
https://en.wikipedia.org/wiki/Toni_Kroos
https://en.wikipedia.org/wiki/Tony_Dalton
https://en.wikipedia.org/wiki/Tor_(network)
https://en.wikipedia.org/wiki/Tottenham_Hotspur_F.C.
https://en.wikipedia.org/wiki/Trey_Parker
https://en.wikipedia.org/wiki/True_Detective
https://en.wikipedia.org/wiki/True_Detective_(season_1)
https://en.wikipedia.org/wiki/Tulsa_race_massacre
https://en.wikipedia.org/wiki/Turkey
https://en.wikipedia.org/wiki/Turning_Red
https://en.wikipedia.org/wiki/Tutankhamun
https://en.wikipedia.org/wiki/Twin_Peaks
https://en.wikipedia.org/wiki/Twitter,_Inc.
https://en.wikipedia.org/wiki/Tyson_Fury
https://en.wikipedia.org/wiki/UFC_278
https://en.wikipedia.org/wiki/UFC_281
https://en.wikipedia.org/wiki/Uncharted
https://en.wikipedia.org/wiki/Under_the_Banner_of_Heaven
https://en.wikipedia.org/wiki/Unforgiven
https://en.wikipedia.org/wiki/United_States_Air_Force
https://en.wikipedia.org/wiki/United_States_Space_Force
https://en.wikipedia.org/wiki/Untold:_The_Girlfriend_Who_Didn't_Exist
https://en.wikipedia.org/wiki/Van_Halen
https://en.wikipedia.org/wiki/Van_der_Valk
https://en.wikipedia.org/wiki/Vanilla_Sky
https://en.wikipedia.org/wiki/Venkaiah_Naidu
https://en.wikipedia.org/wiki/Vietnam_War
https://en.wikipedia.org/wiki/Vijay_(actor)
https://en.wikipedia.org/wiki/Vikings
https://en.wikipedia.org/wiki/Vikram_(actor)
https://en.wikipedia.org/wiki/Vikram_Vedha_(2022_film)
https://en.wikipedia.org/wiki/Vince_Gilligan
https://en.wikipedia.org/wiki/Vinesh_Phogat
https://en.wikipedia.org/wiki/Virat_Kohli
https://en.wikipedia.org/wiki/Virgil_van_Dijk
https://en.wikipedia.org/wiki/Volkswagen
https://en.wikipedia.org/wiki/Volkswagen_Group
https://en.wikipedia.org/wiki/Vulva
https://en.wikipedia.org/wiki/WWE
https://en.wikipedia.org/wiki/Walt_Disney_Pictures
https://en.wikipedia.org/wiki/Warner_Bros.
https://en.wikipedia.org/wiki/Warner_Bros._Pictures
https://en.wikipedia.org/wiki/Washington,_D.C.
https://en.wikipedia.org/wiki/Water
https://en.wikipedia.org/wiki/WeTransfer
https://en.wikipedia.org/wiki/WeWork
https://en.wikipedia.org/wiki/Wednesday_Addams
https://en.wikipedia.org/wiki/Wes_Anderson
https://en.wikipedia.org/wiki/West_Ham_United_F.C.
https://en.wikipedia.org/wiki/WhatsApp
https://en.wikipedia.org/wiki/Where_the_Crawdads_Sing
https://en.wikipedia.org/wiki/Whitney_Cummings
https://en.wikipedia.org/wiki/Wi-Fi
https://en.wikipedia.org/wiki/Will_Ferrell
https://en.wikipedia.org/wiki/Will_Poulter
https://en.wikipedia.org/wiki/Will_Zalatoris
https://en.wikipedia.org/wiki/William_the_Conqueror
https://en.wikipedia.org/wiki/Woody_Allen
https://en.wikipedia.org/wiki/Wordle
https://en.wikipedia.org/wiki/World_War_I
https://en.wikipedia.org/wiki/Wrestling_at_the_2022_Commonwealth_Games
https://en.wikipedia.org/wiki/Wrexham_A.F.C.
https://en.wikipedia.org/wiki/Wuthering_Heights
https://en.wikipedia.org/wiki/Xbox_360
https://en.wikipedia.org/wiki/Yandex
https://en.wikipedia.org/wiki/Yaser_Abdel_Said
https://en.wikipedia.org/wiki/YouTube_Music
https://en.wikipedia.org/wiki/Zachary_Quinto
https://en.wikipedia.org/wiki/Zhang_Zhilei
https://en.wikipedia.org/wiki/Zinedine_Zidane
https://en.wikipedia.org/wiki/Álvaro_Morata
