https://en.wikipedia.org/wiki/1989_Tiananmen_Square_protests_and_massacre
https://en.wikipedia.org/wiki/Adolf_Hitler
https://en.wikipedia.org/wiki/Aidan_Gallagher
https://en.wikipedia.org/wiki/Alexander_the_Great
https://en.wikipedia.org/wiki/American_Civil_War
https://en.wikipedia.org/wiki/Andrew_Tate
https://en.wikipedia.org/wiki/Ansel_Adams
https://en.wikipedia.org/wiki/Barbie_(film)
https://en.wikipedia.org/wiki/Barry_(TV_series)
https://en.wikipedia.org/wiki/Baz_Luhrmann
https://en.wikipedia.org/wiki/Better_Call_Saul_(season_6)
https://en.wikipedia.org/wiki/Brahmāstra_(film)
https://en.wikipedia.org/wiki/CONMEBOL–UEFA_Cup_of_Champions
https://en.wikipedia.org/wiki/Caleb_McLaughlin
https://en.wikipedia.org/wiki/Candidates_Tournament_2022
https://en.wikipedia.org/wiki/Casualties_of_the_Russo-Ukrainian_War
https://en.wikipedia.org/wiki/Cat
https://en.wikipedia.org/wiki/Charlie_Heaton
https://en.wikipedia.org/wiki/Clarence_Thomas
https://en.wikipedia.org/wiki/Cleidocranial_dysostosis
https://en.wikipedia.org/wiki/Columbine_High_School_massacre
https://en.wikipedia.org/wiki/Crimes_of_the_Future_(2022_film)
https://en.wikipedia.org/wiki/Devin_Haney
https://en.wikipedia.org/wiki/Doctor_Strange_in_the_Multiverse_of_Madness
https://en.wikipedia.org/wiki/Don_(2022_film)
https://en.wikipedia.org/wiki/Dune_(2021_film)
https://en.wikipedia.org/wiki/Edward_VIII
https://en.wikipedia.org/wiki/Elizabeth_Holmes
https://en.wikipedia.org/wiki/Elizabeth_I
https://en.wikipedia.org/wiki/Elizabeth_II
https://en.wikipedia.org/wiki/Elizabeth_Olsen
https://en.wikipedia.org/wiki/Elsa_Pataky
https://en.wikipedia.org/wiki/Elton_John
https://en.wikipedia.org/wiki/Europe
https://en.wikipedia.org/wiki/F5,_Inc.
https://en.wikipedia.org/wiki/Fantastic_Beasts:_The_Crimes_of_Grindelwald
https://en.wikipedia.org/wiki/Finn_Wolfhard
https://en.wikipedia.org/wiki/French_Open
https://en.wikipedia.org/wiki/Game_of_Thrones
https://en.wikipedia.org/wiki/Germany
https://en.wikipedia.org/wiki/Gmail
https://en.wikipedia.org/wiki/Google
https://en.wikipedia.org/wiki/Honestly,_Nevermind
https://en.wikipedia.org/wiki/Iman_Vellani
https://en.wikipedia.org/wiki/Index_of_Windows_games_(S)
https://en.wikipedia.org/wiki/Jack_Quaid
https://en.wikipedia.org/wiki/Jeff_Bridges
https://en.wikipedia.org/wiki/John_Isner
https://en.wikipedia.org/wiki/Johnny_Depp_filmography
https://en.wikipedia.org/wiki/Kamal_Haasan
https://en.wikipedia.org/wiki/Kevin_Durant
https://en.wikipedia.org/wiki/Kylie_Jenner
https://en.wikipedia.org/wiki/Lauren_Boebert
https://en.wikipedia.org/wiki/Lewis_Hamilton
https://en.wikipedia.org/wiki/Lisa_Marie_Presley
https://en.wikipedia.org/wiki/List_of_Grand_Slam_men's_singles_champions
https://en.wikipedia.org/wiki/List_of_Jurassic_Park_characters
https://en.wikipedia.org/wiki/List_of_countries_by_GDP_(nominal)
https://en.wikipedia.org/wiki/Lockheed_Martin_F-22_Raptor
https://en.wikipedia.org/wiki/Lokesh_Kanagaraj
https://en.wikipedia.org/wiki/Marion_Barber_III
https://en.wikipedia.org/wiki/Martin_Sheen
https://en.wikipedia.org/wiki/Miles_Teller
https://en.wikipedia.org/wiki/Ms._Marvel_(TV_series)
https://en.wikipedia.org/wiki/Null
https://en.wikipedia.org/wiki/Online_gambling
https://en.wikipedia.org/wiki/Oscar_Isaac
https://en.wikipedia.org/wiki/Paul_Reiser
https://en.wikipedia.org/wiki/Philippines
https://en.wikipedia.org/wiki/Post_Malone
https://en.wikipedia.org/wiki/Raindrop_cake
https://en.wikipedia.org/wiki/Ramsay_Hunt_syndrome
https://en.wikipedia.org/wiki/Riley_Keough
https://en.wikipedia.org/wiki/Robert_Evans
https://en.wikipedia.org/wiki/Rulon_Jeffs
https://en.wikipedia.org/wiki/Runway_34
https://en.wikipedia.org/wiki/Russo-Ukrainian_War
https://en.wikipedia.org/wiki/Scarlett_Johansson
https://en.wikipedia.org/wiki/September_11_attacks
https://en.wikipedia.org/wiki/Serena_Williams
https://en.wikipedia.org/wiki/Severance_(TV_series)
https://en.wikipedia.org/wiki/Skathi_(moon)
https://en.wikipedia.org/wiki/Stranger_Things_(season_1)
https://en.wikipedia.org/wiki/Sukhoi_Su-57
https://en.wikipedia.org/wiki/Taika_Waititi
https://en.wikipedia.org/wiki/Ted_Bundy
https://en.wikipedia.org/wiki/The_Offer
https://en.wikipedia.org/wiki/The_Staircase_(miniseries)
https://en.wikipedia.org/wiki/Top_Gun:_Maverick
https://en.wikipedia.org/wiki/Tupac_Shakur
https://en.wikipedia.org/wiki/Turkey
https://en.wikipedia.org/wiki/United_Kingdom
https://en.wikipedia.org/wiki/Val_Kilmer
https://en.wikipedia.org/wiki/Vecna
https://en.wikipedia.org/wiki/Vikram_(2022_film)
https://en.wikipedia.org/wiki/Westworld_(TV_series)
https://en.wikipedia.org/wiki/William_Shakespeare
https://en.wikipedia.org/wiki/Windows_10_version_history
https://en.wikipedia.org/wiki/World_War_I
https://en.wikipedia.org/wiki/Ștefania_Mărăcineanu
