https://fr.wikipedia.org/wiki/-
https://fr.wikipedia.org/wiki/15_août
https://fr.wikipedia.org/wiki/365_Jours
https://fr.wikipedia.org/wiki/A_Certain_Magical_Index
https://fr.wikipedia.org/wiki/Aaron_Ramsey
https://fr.wikipedia.org/wiki/Aaron_Taylor-Johnson
https://fr.wikipedia.org/wiki/Accueil
https://fr.wikipedia.org/wiki/Achoura
https://fr.wikipedia.org/wiki/Adil_Rami
https://fr.wikipedia.org/wiki/Adolf_Hitler
https://fr.wikipedia.org/wiki/Adriana_Karembeu
https://fr.wikipedia.org/wiki/Adèle_Exarchopoulos
https://fr.wikipedia.org/wiki/Affaire_Dupont_de_Ligonnès
https://fr.wikipedia.org/wiki/Afghanistan
https://fr.wikipedia.org/wiki/Afrique_du_Sud
https://fr.wikipedia.org/wiki/Agence_France-Presse
https://fr.wikipedia.org/wiki/Al_Pacino
https://fr.wikipedia.org/wiki/Alain_Delon
https://fr.wikipedia.org/wiki/Alban_Ivanov
https://fr.wikipedia.org/wiki/Albanie
https://fr.wikipedia.org/wiki/Albert_Camus
https://fr.wikipedia.org/wiki/Albert_Einstein
https://fr.wikipedia.org/wiki/Alexandra_Lamy
https://fr.wikipedia.org/wiki/Alexandre_Douguine
https://fr.wikipedia.org/wiki/Alexandre_Dumas
https://fr.wikipedia.org/wiki/Alexandre_Lacazette
https://fr.wikipedia.org/wiki/Alexandre_le_Grand
https://fr.wikipedia.org/wiki/Alexia_Laroche-Joubert
https://fr.wikipedia.org/wiki/Alexis_Sánchez
https://fr.wikipedia.org/wiki/Algérie
https://fr.wikipedia.org/wiki/Alizée
https://fr.wikipedia.org/wiki/Allan_Saint-Maximin
https://fr.wikipedia.org/wiki/Allemagne
https://fr.wikipedia.org/wiki/Amazon
https://fr.wikipedia.org/wiki/Amber_Midthunder
https://fr.wikipedia.org/wiki/American_Horror_Story
https://fr.wikipedia.org/wiki/Amir_(chanteur)
https://fr.wikipedia.org/wiki/Amy_Winehouse
https://fr.wikipedia.org/wiki/Amélie_Nothomb
https://fr.wikipedia.org/wiki/Ana_de_Armas
https://fr.wikipedia.org/wiki/Andorre
https://fr.wikipedia.org/wiki/Andrew_Garfield
https://fr.wikipedia.org/wiki/Andrew_Tate
https://fr.wikipedia.org/wiki/Android
https://fr.wikipedia.org/wiki/Angelina_Jolie
https://fr.wikipedia.org/wiki/Angèle_(chanteuse)
https://fr.wikipedia.org/wiki/Annabelle_Wallis
https://fr.wikipedia.org/wiki/Anne-Sophie_Lapix
https://fr.wikipedia.org/wiki/Anne_Heche
https://fr.wikipedia.org/wiki/Anny_Duperey
https://fr.wikipedia.org/wiki/Anthony_Joshua
https://fr.wikipedia.org/wiki/Anthony_Kavanagh
https://fr.wikipedia.org/wiki/Anthony_Modeste
https://fr.wikipedia.org/wiki/Antoine_Griezmann
https://fr.wikipedia.org/wiki/Antony_(football)
https://fr.wikipedia.org/wiki/Aoûtat
https://fr.wikipedia.org/wiki/Application_mobile
https://fr.wikipedia.org/wiki/Archange
https://fr.wikipedia.org/wiki/Aretha_Franklin
https://fr.wikipedia.org/wiki/Ariana_Grande
https://fr.wikipedia.org/wiki/Arielle_Boulin-Prat
https://fr.wikipedia.org/wiki/Arkadiusz_Milik
https://fr.wikipedia.org/wiki/Armand_Duplantis
https://fr.wikipedia.org/wiki/Armie_Hammer
https://fr.wikipedia.org/wiki/Arnaud_Ducret
https://fr.wikipedia.org/wiki/Arnold_Schwarzenegger
https://fr.wikipedia.org/wiki/Arsenal_Football_Club
https://fr.wikipedia.org/wiki/Arte
https://fr.wikipedia.org/wiki/Artemis_I
https://fr.wikipedia.org/wiki/Arthur_(animateur)
https://fr.wikipedia.org/wiki/Artémis
https://fr.wikipedia.org/wiki/As_bestas
https://fr.wikipedia.org/wiki/Association_familiale_Mulliez
https://fr.wikipedia.org/wiki/Assomption
https://fr.wikipedia.org/wiki/Astrid_et_Raphaëlle
https://fr.wikipedia.org/wiki/Attentats_du_11_septembre_2001
https://fr.wikipedia.org/wiki/Attentats_du_13_novembre_2015_en_France
https://fr.wikipedia.org/wiki/Audrey_Crespo-Mara
https://fr.wikipedia.org/wiki/Audrey_Fleurot
https://fr.wikipedia.org/wiki/Austin_Butler
https://fr.wikipedia.org/wiki/Australie
https://fr.wikipedia.org/wiki/Autriche
https://fr.wikipedia.org/wiki/Aya_Nakamura
https://fr.wikipedia.org/wiki/Ayman_al-Zawahiri
https://fr.wikipedia.org/wiki/Açores
https://fr.wikipedia.org/wiki/BTS_(groupe)
https://fr.wikipedia.org/wiki/Ballon_d'or
https://fr.wikipedia.org/wiki/Barack_Obama
https://fr.wikipedia.org/wiki/Bayern_Munich
https://fr.wikipedia.org/wiki/Belgique
https://fr.wikipedia.org/wiki/Ben_Affleck
https://fr.wikipedia.org/wiki/Benjamin_Biolay
https://fr.wikipedia.org/wiki/Benjamin_Castaldi
https://fr.wikipedia.org/wiki/Benjamin_Mendy
https://fr.wikipedia.org/wiki/Benoît_Magimel
https://fr.wikipedia.org/wiki/Benoît_XVI
https://fr.wikipedia.org/wiki/Berbères
https://fr.wikipedia.org/wiki/Bernard_Arnault
https://fr.wikipedia.org/wiki/Bernard_Campan
https://fr.wikipedia.org/wiki/Bernard_Giraudeau
https://fr.wikipedia.org/wiki/Bernardo_Silva
https://fr.wikipedia.org/wiki/Bertrand_Cantat
https://fr.wikipedia.org/wiki/Bertrand_Renard
https://fr.wikipedia.org/wiki/Better_Call_Saul
https://fr.wikipedia.org/wiki/Beyoncé
https://fr.wikipedia.org/wiki/Bienvenue_à_Marly-Gomont
https://fr.wikipedia.org/wiki/Bigflo_et_Oli
https://fr.wikipedia.org/wiki/Bill_Russell
https://fr.wikipedia.org/wiki/Bixente_Lizarazu
https://fr.wikipedia.org/wiki/Blake_Lively
https://fr.wikipedia.org/wiki/Bob_Marley
https://fr.wikipedia.org/wiki/Bombardements_atomiques_d'Hiroshima_et_de_Nagasaki
https://fr.wikipedia.org/wiki/Booba
https://fr.wikipedia.org/wiki/Booder
https://fr.wikipedia.org/wiki/Bordeaux
https://fr.wikipedia.org/wiki/Boris_Eltsine
https://fr.wikipedia.org/wiki/Boyd_Holbrook
https://fr.wikipedia.org/wiki/Brad_Pitt
https://fr.wikipedia.org/wiki/Bradley_Cooper
https://fr.wikipedia.org/wiki/Breaking_Bad
https://fr.wikipedia.org/wiki/Brigitte_Bardot
https://fr.wikipedia.org/wiki/Brigitte_Macron
https://fr.wikipedia.org/wiki/Britney_Spears
https://fr.wikipedia.org/wiki/Brittany_Murphy
https://fr.wikipedia.org/wiki/Brittney_Griner
https://fr.wikipedia.org/wiki/Brocéliande
https://fr.wikipedia.org/wiki/Brooklyn_Nine-Nine
https://fr.wikipedia.org/wiki/Bruce_Lee
https://fr.wikipedia.org/wiki/Bruce_Willis
https://fr.wikipedia.org/wiki/Bryan_Cranston
https://fr.wikipedia.org/wiki/Brésil
https://fr.wikipedia.org/wiki/Bullet_Train
https://fr.wikipedia.org/wiki/Buzz_l'Éclair_(film)
https://fr.wikipedia.org/wiki/Béluga_(cétacé)
https://fr.wikipedia.org/wiki/Bête_du_Gévaudan
https://fr.wikipedia.org/wiki/Caitlyn_Jenner
https://fr.wikipedia.org/wiki/Californie
https://fr.wikipedia.org/wiki/Cameroun
https://fr.wikipedia.org/wiki/Camilla_Shand
https://fr.wikipedia.org/wiki/Camille_Cerf_(Miss_France)
https://fr.wikipedia.org/wiki/Camille_Cottin
https://fr.wikipedia.org/wiki/Camille_Lellouche
https://fr.wikipedia.org/wiki/Camille_Lou
https://fr.wikipedia.org/wiki/Camping_Paradis
https://fr.wikipedia.org/wiki/Canada
https://fr.wikipedia.org/wiki/Canadair_CL-415
https://fr.wikipedia.org/wiki/Carles_Puigdemont
https://fr.wikipedia.org/wiki/Carlo_Ancelotti
https://fr.wikipedia.org/wiki/Carlos_Soler
https://fr.wikipedia.org/wiki/Caroline_Garcia
https://fr.wikipedia.org/wiki/Casemiro
https://fr.wikipedia.org/wiki/Catastrophe_nucléaire_de_Tchernobyl
https://fr.wikipedia.org/wiki/Catherine_Deneuve
https://fr.wikipedia.org/wiki/Catherine_de_Médicis
https://fr.wikipedia.org/wiki/Cathédrale_Notre-Dame_de_Paris
https://fr.wikipedia.org/wiki/Central_Cee
https://fr.wikipedia.org/wiki/Centrale_nucléaire_de_Zaporijjia
https://fr.wikipedia.org/wiki/Championnat_d'Angleterre_de_football
https://fr.wikipedia.org/wiki/Championnat_de_France_de_football
https://fr.wikipedia.org/wiki/Championnat_du_monde_de_Formule_1_2022
https://fr.wikipedia.org/wiki/Championnat_du_monde_masculin_de_volley-ball_2022
https://fr.wikipedia.org/wiki/Championnats_d'Europe_d'athlétisme
https://fr.wikipedia.org/wiki/Championnats_d'Europe_d'athlétisme_2022
https://fr.wikipedia.org/wiki/Championnats_d'Europe_de_natation_2022
https://fr.wikipedia.org/wiki/Championnats_sportifs_européens_2022
https://fr.wikipedia.org/wiki/Channing_Tatum
https://fr.wikipedia.org/wiki/Chantal_Ladesou
https://fr.wikipedia.org/wiki/Charlbi_Dean
https://fr.wikipedia.org/wiki/Charlemagne
https://fr.wikipedia.org/wiki/Charles_Aznavour
https://fr.wikipedia.org/wiki/Charles_Baudelaire
https://fr.wikipedia.org/wiki/Charles_Gave
https://fr.wikipedia.org/wiki/Charles_Leclerc_(pilote_automobile)
https://fr.wikipedia.org/wiki/Charles_Manson
https://fr.wikipedia.org/wiki/Charles_de_Galles
https://fr.wikipedia.org/wiki/Charles_de_Gaulle
https://fr.wikipedia.org/wiki/Charlotte_Rampling
https://fr.wikipedia.org/wiki/Charlotte_Valandrey
https://fr.wikipedia.org/wiki/Chat
https://fr.wikipedia.org/wiki/Che_Guevara
https://fr.wikipedia.org/wiki/Chelsea_Football_Club
https://fr.wikipedia.org/wiki/Chiara_Mastroianni
https://fr.wikipedia.org/wiki/Chine
https://fr.wikipedia.org/wiki/Chris_Evans_(acteur)
https://fr.wikipedia.org/wiki/Chris_Hemsworth
https://fr.wikipedia.org/wiki/Chris_Martin
https://fr.wikipedia.org/wiki/Christophe_Colomb
https://fr.wikipedia.org/wiki/Christophe_Galtier
https://fr.wikipedia.org/wiki/Chypre_(pays)
https://fr.wikipedia.org/wiki/Cillian_Murphy
https://fr.wikipedia.org/wiki/Cindy_Fabre
https://fr.wikipedia.org/wiki/Claire_Keim
https://fr.wikipedia.org/wiki/Clara_Luciani
https://fr.wikipedia.org/wiki/Claude_François
https://fr.wikipedia.org/wiki/Claude_Gensac
https://fr.wikipedia.org/wiki/Clint_Eastwood
https://fr.wikipedia.org/wiki/Clotilde_Courau
https://fr.wikipedia.org/wiki/Club_des_27
https://fr.wikipedia.org/wiki/Clémence_Castel
https://fr.wikipedia.org/wiki/Cléopâtre_VII
https://fr.wikipedia.org/wiki/Coccinelle_(artiste)
https://fr.wikipedia.org/wiki/Coldplay
https://fr.wikipedia.org/wiki/Colonel_Parker
https://fr.wikipedia.org/wiki/Coluche
https://fr.wikipedia.org/wiki/Commerce_en_ligne
https://fr.wikipedia.org/wiki/Concorde_(avion)
https://fr.wikipedia.org/wiki/Conor_McGregor
https://fr.wikipedia.org/wiki/Cookie_(informatique)
https://fr.wikipedia.org/wiki/Corinne_Masiero
https://fr.wikipedia.org/wiki/Corse
https://fr.wikipedia.org/wiki/Corée_du_Sud
https://fr.wikipedia.org/wiki/Coupe_du_monde_de_football
https://fr.wikipedia.org/wiki/Coupe_du_monde_de_football_2022
https://fr.wikipedia.org/wiki/Cristiano_Ronaldo
https://fr.wikipedia.org/wiki/Croatie
https://fr.wikipedia.org/wiki/Crète
https://fr.wikipedia.org/wiki/Cyril_Féraud
https://fr.wikipedia.org/wiki/Cyril_Hanouna
https://fr.wikipedia.org/wiki/Céline_Dion
https://fr.wikipedia.org/wiki/Côte_d'Ivoire
https://fr.wikipedia.org/wiki/DJ_Snake
https://fr.wikipedia.org/wiki/Dakota_Johnson
https://fr.wikipedia.org/wiki/Dalida
https://fr.wikipedia.org/wiki/Damon_Wayans
https://fr.wikipedia.org/wiki/Danemark
https://fr.wikipedia.org/wiki/Daniel_Auteuil
https://fr.wikipedia.org/wiki/Daniel_Balavoine
https://fr.wikipedia.org/wiki/Daniel_Lévi
https://fr.wikipedia.org/wiki/Daniel_Radcliffe
https://fr.wikipedia.org/wiki/Danse_avec_les_stars
https://fr.wikipedia.org/wiki/Dany_Boon
https://fr.wikipedia.org/wiki/Daria_Douguina
https://fr.wikipedia.org/wiki/Darren_Barnet
https://fr.wikipedia.org/wiki/Darwin_Núñez
https://fr.wikipedia.org/wiki/Dassault_Rafale
https://fr.wikipedia.org/wiki/David_Bowie
https://fr.wikipedia.org/wiki/David_Douillet
https://fr.wikipedia.org/wiki/David_Guetta
https://fr.wikipedia.org/wiki/David_Leitch
https://fr.wikipedia.org/wiki/Delphine_Wespiser
https://fr.wikipedia.org/wiki/Demon_Slayer
https://fr.wikipedia.org/wiki/Des_chiffres_et_des_lettres
https://fr.wikipedia.org/wiki/Diana_Spencer
https://fr.wikipedia.org/wiki/Diego_Maradona
https://fr.wikipedia.org/wiki/Dieudonné
https://fr.wikipedia.org/wiki/Dimitri_Payet
https://fr.wikipedia.org/wiki/Doctor_Who
https://fr.wikipedia.org/wiki/Dodi_Al-Fayed
https://fr.wikipedia.org/wiki/Donald_Trump
https://fr.wikipedia.org/wiki/Downton_Abbey
https://fr.wikipedia.org/wiki/Dragon_Ball
https://fr.wikipedia.org/wiki/Dua_Lipa
https://fr.wikipedia.org/wiki/Dwayne_Johnson
https://fr.wikipedia.org/wiki/Décathlon
https://fr.wikipedia.org/wiki/Décès_en_2022
https://fr.wikipedia.org/wiki/Décès_en_août_2022
https://fr.wikipedia.org/wiki/Décès_en_juillet_2022
https://fr.wikipedia.org/wiki/Département_français
https://fr.wikipedia.org/wiki/Ed_Sheeran
https://fr.wikipedia.org/wiki/Eden_Hazard
https://fr.wikipedia.org/wiki/Edinson_Cavani
https://fr.wikipedia.org/wiki/Eli_Wallach
https://fr.wikipedia.org/wiki/Ellen_DeGeneres
https://fr.wikipedia.org/wiki/Elliot_Page
https://fr.wikipedia.org/wiki/Elon_Musk
https://fr.wikipedia.org/wiki/Elsa_Pataky
https://fr.wikipedia.org/wiki/Elton_John
https://fr.wikipedia.org/wiki/Elvis_Presley
https://fr.wikipedia.org/wiki/Emilia_Clarke
https://fr.wikipedia.org/wiki/Eminem
https://fr.wikipedia.org/wiki/Emma_D'Arcy
https://fr.wikipedia.org/wiki/Emma_Watson
https://fr.wikipedia.org/wiki/Emmanuel_Macron
https://fr.wikipedia.org/wiki/Empire_ottoman
https://fr.wikipedia.org/wiki/Encanto_:_La_Fantastique_Famille_Madrigal
https://fr.wikipedia.org/wiki/Erling_Haaland
https://fr.wikipedia.org/wiki/Erreur_HTTP_404
https://fr.wikipedia.org/wiki/Espagne
https://fr.wikipedia.org/wiki/Esther_(film,_2009)
https://fr.wikipedia.org/wiki/Esther_2_:_Les_Origines
https://fr.wikipedia.org/wiki/Et_la_montagne_fleurira
https://fr.wikipedia.org/wiki/Eugénie_Grandet
https://fr.wikipedia.org/wiki/Europe
https://fr.wikipedia.org/wiki/Eva_Green
https://fr.wikipedia.org/wiki/Event
https://fr.wikipedia.org/wiki/Ezra_Miller
https://fr.wikipedia.org/wiki/FBI:_Most_Wanted
https://fr.wikipedia.org/wiki/FC_Barcelone_(football)
https://fr.wikipedia.org/wiki/Fabián_Ruiz
https://fr.wikipedia.org/wiki/Facebook
https://fr.wikipedia.org/wiki/Fanny_Ardant
https://fr.wikipedia.org/wiki/Fatwa
https://fr.wikipedia.org/wiki/Fernando_Alonso
https://fr.wikipedia.org/wiki/Festival_de_Woodstock
https://fr.wikipedia.org/wiki/Festival_de_Woodstock_1999
https://fr.wikipedia.org/wiki/Filmographie_de_Clint_Eastwood
https://fr.wikipedia.org/wiki/Finlande
https://fr.wikipedia.org/wiki/Florent_Pagny
https://fr.wikipedia.org/wiki/Florentin_Pogba
https://fr.wikipedia.org/wiki/Fort_Boyard_(jeu_télévisé)
https://fr.wikipedia.org/wiki/Fort_Boyard_(monument)
https://fr.wikipedia.org/wiki/Franc-maçonnerie
https://fr.wikipedia.org/wiki/France
https://fr.wikipedia.org/wiki/France_24
https://fr.wikipedia.org/wiki/France_Gall
https://fr.wikipedia.org/wiki/France_Télévisions
https://fr.wikipedia.org/wiki/Francis_Huster
https://fr.wikipedia.org/wiki/Franck_Dubosc
https://fr.wikipedia.org/wiki/Franck_Ribéry
https://fr.wikipedia.org/wiki/Franck_Thilliez
https://fr.wikipedia.org/wiki/Français
https://fr.wikipedia.org/wiki/François_(pape)
https://fr.wikipedia.org/wiki/François_Hollande
https://fr.wikipedia.org/wiki/François_Ier_(roi_de_France)
https://fr.wikipedia.org/wiki/François_Mitterrand
https://fr.wikipedia.org/wiki/Françoise_Hardy
https://fr.wikipedia.org/wiki/Freddie_Highmore
https://fr.wikipedia.org/wiki/Freddie_Mercury
https://fr.wikipedia.org/wiki/Frida_Kahlo
https://fr.wikipedia.org/wiki/Frédéric_Diefenthal
https://fr.wikipedia.org/wiki/Gabriel_Attal
https://fr.wikipedia.org/wiki/Gad_Elmaleh
https://fr.wikipedia.org/wiki/Galerie_des_drapeaux_des_pays_du_monde
https://fr.wikipedia.org/wiki/Game_of_Thrones
https://fr.wikipedia.org/wiki/Gandhi_(film)
https://fr.wikipedia.org/wiki/Gaspard_Ulliel
https://fr.wikipedia.org/wiki/Gaten_Matarazzo
https://fr.wikipedia.org/wiki/Geneviève_Grad
https://fr.wikipedia.org/wiki/George_Michael
https://fr.wikipedia.org/wiki/George_VI
https://fr.wikipedia.org/wiki/Georges_Brassens
https://fr.wikipedia.org/wiki/Gerard_Piqué
https://fr.wikipedia.org/wiki/Gilles_Lellouche
https://fr.wikipedia.org/wiki/Gillian_Anderson
https://fr.wikipedia.org/wiki/Gims
https://fr.wikipedia.org/wiki/Giorgia_Meloni
https://fr.wikipedia.org/wiki/Gisèle_Halimi
https://fr.wikipedia.org/wiki/Gmail
https://fr.wikipedia.org/wiki/Good_Doctor_(série_télévisée,_2017)
https://fr.wikipedia.org/wiki/Google
https://fr.wikipedia.org/wiki/Google_Maps
https://fr.wikipedia.org/wiki/Google_Traduction
https://fr.wikipedia.org/wiki/Grace_Kelly
https://fr.wikipedia.org/wiki/Grades_de_l'Armée_française
https://fr.wikipedia.org/wiki/Gran_Torino
https://fr.wikipedia.org/wiki/Grande_Muraille
https://fr.wikipedia.org/wiki/Grease_(film)
https://fr.wikipedia.org/wiki/Grèce
https://fr.wikipedia.org/wiki/Guadeloupe
https://fr.wikipedia.org/wiki/Gucci
https://fr.wikipedia.org/wiki/Guerre_de_Sécession
https://fr.wikipedia.org/wiki/Guerre_du_Viêt_Nam
https://fr.wikipedia.org/wiki/Guerre_russo-ukrainienne
https://fr.wikipedia.org/wiki/Guillaume_Depardieu
https://fr.wikipedia.org/wiki/Guy_Carlier
https://fr.wikipedia.org/wiki/Guêpe
https://fr.wikipedia.org/wiki/Gwendoline_Christie
https://fr.wikipedia.org/wiki/Gwyneth_Paltrow
https://fr.wikipedia.org/wiki/Génération_Y
https://fr.wikipedia.org/wiki/Géorgie_(pays)
https://fr.wikipedia.org/wiki/Gérald_Darmanin
https://fr.wikipedia.org/wiki/Gérard_Depardieu
https://fr.wikipedia.org/wiki/Harry_Potter
https://fr.wikipedia.org/wiki/Harry_Potter_(série_de_films)
https://fr.wikipedia.org/wiki/Harry_Styles
https://fr.wikipedia.org/wiki/Hassan_Iquioussen
https://fr.wikipedia.org/wiki/Hatem_Ben_Arfa
https://fr.wikipedia.org/wiki/Heath_Ledger
https://fr.wikipedia.org/wiki/Helen_McCrory
https://fr.wikipedia.org/wiki/Henri_IV_(roi_de_France)
https://fr.wikipedia.org/wiki/Henri_VIII
https://fr.wikipedia.org/wiki/Henry_Cavill
https://fr.wikipedia.org/wiki/Henry_de_Sussex
https://fr.wikipedia.org/wiki/Histoire_de_Taïwan
https://fr.wikipedia.org/wiki/Homme_au_masque_de_fer
https://fr.wikipedia.org/wiki/Hong_Kong
https://fr.wikipedia.org/wiki/House_of_the_Dragon
https://fr.wikipedia.org/wiki/Hunter_Moore
https://fr.wikipedia.org/wiki/Hélène_Mannarino
https://fr.wikipedia.org/wiki/Hélène_de_Fougerolles
https://fr.wikipedia.org/wiki/IOS
https://fr.wikipedia.org/wiki/Idris_Elba
https://fr.wikipedia.org/wiki/Idriss_Aberkane
https://fr.wikipedia.org/wiki/Igor_Tudor
https://fr.wikipedia.org/wiki/Igor_et_Grichka_Bogdanoff
https://fr.wikipedia.org/wiki/Inde
https://fr.wikipedia.org/wiki/Indira_Gandhi
https://fr.wikipedia.org/wiki/Innocents:_The_Dreamers
https://fr.wikipedia.org/wiki/Instagram
https://fr.wikipedia.org/wiki/Internet
https://fr.wikipedia.org/wiki/Invasion_de_l'Ukraine_par_la_Russie_en_2022
https://fr.wikipedia.org/wiki/Inès_Reg
https://fr.wikipedia.org/wiki/Iran
https://fr.wikipedia.org/wiki/Iris_Mittenaere
https://fr.wikipedia.org/wiki/Irlande_(pays)
https://fr.wikipedia.org/wiki/Ironman
https://fr.wikipedia.org/wiki/Isabelle_Adjani
https://fr.wikipedia.org/wiki/Isabelle_Fuhrman
https://fr.wikipedia.org/wiki/Islam_Slimani
https://fr.wikipedia.org/wiki/Islande
https://fr.wikipedia.org/wiki/Israël
https://fr.wikipedia.org/wiki/Issa_Kaboré
https://fr.wikipedia.org/wiki/Italie
https://fr.wikipedia.org/wiki/Ivana_Trump
https://fr.wikipedia.org/wiki/J._K._Rowling
https://fr.wikipedia.org/wiki/Jack_Nicholson
https://fr.wikipedia.org/wiki/Jacques_Brel
https://fr.wikipedia.org/wiki/Jacques_Chirac
https://fr.wikipedia.org/wiki/Jacques_Dutronc
https://fr.wikipedia.org/wiki/Jake_Gyllenhaal
https://fr.wikipedia.org/wiki/James_Tupper
https://fr.wikipedia.org/wiki/Jamie_Campbell_Bower
https://fr.wikipedia.org/wiki/Jane_Fonda
https://fr.wikipedia.org/wiki/Japon
https://fr.wikipedia.org/wiki/Jason_Bourne_(série_de_films)
https://fr.wikipedia.org/wiki/Jason_Statham
https://fr.wikipedia.org/wiki/Jawaharlal_Nehru
https://fr.wikipedia.org/wiki/Jean-Claude_Van_Damme
https://fr.wikipedia.org/wiki/Jean-Jacques_Goldman
https://fr.wikipedia.org/wiki/Jean-Jacques_Sempé
https://fr.wikipedia.org/wiki/Jean-Luc_Delarue
https://fr.wikipedia.org/wiki/Jean-Luc_Mélenchon
https://fr.wikipedia.org/wiki/Jean-Marc_Jancovici
https://fr.wikipedia.org/wiki/Jean-Marie_Bigard
https://fr.wikipedia.org/wiki/Jean-Marie_Lustiger
https://fr.wikipedia.org/wiki/Jean-Paul_Belmondo
https://fr.wikipedia.org/wiki/Jean-Paul_II
https://fr.wikipedia.org/wiki/Jean-Pierre_Darroussin
https://fr.wikipedia.org/wiki/Jean_Dujardin
https://fr.wikipedia.org/wiki/Jean_Lefebvre
https://fr.wikipedia.org/wiki/Jean_Reno
https://fr.wikipedia.org/wiki/Jeanne_d'Arc
https://fr.wikipedia.org/wiki/Jeff_Bezos
https://fr.wikipedia.org/wiki/Jenifer
https://fr.wikipedia.org/wiki/Jenna_Coleman
https://fr.wikipedia.org/wiki/Jenna_Ortega
https://fr.wikipedia.org/wiki/Jennifer_Connelly
https://fr.wikipedia.org/wiki/Jennifer_Lawrence
https://fr.wikipedia.org/wiki/Jennifer_Lopez
https://fr.wikipedia.org/wiki/Joaquin_Phoenix
https://fr.wikipedia.org/wiki/Joaquín_Guzmán
https://fr.wikipedia.org/wiki/Jodie_Foster
https://fr.wikipedia.org/wiki/Joe_Biden
https://fr.wikipedia.org/wiki/Joe_Dassin
https://fr.wikipedia.org/wiki/JoeyStarr
https://fr.wikipedia.org/wiki/Joey_King
https://fr.wikipedia.org/wiki/John_Fitzgerald_Kennedy
https://fr.wikipedia.org/wiki/John_McAfee
https://fr.wikipedia.org/wiki/John_Travolta
https://fr.wikipedia.org/wiki/Johnny_Depp
https://fr.wikipedia.org/wiki/Johnny_Hallyday
https://fr.wikipedia.org/wiki/Jonathan_Clauss
https://fr.wikipedia.org/wiki/Jonathan_Cohen
https://fr.wikipedia.org/wiki/Jonathan_Destin
https://fr.wikipedia.org/wiki/Joni_Mitchell
https://fr.wikipedia.org/wiki/Jordan_Bardella
https://fr.wikipedia.org/wiki/Jordan_Peele
https://fr.wikipedia.org/wiki/Jordan_Veretout
https://fr.wikipedia.org/wiki/Joseph_Staline
https://fr.wikipedia.org/wiki/José_Mourinho
https://fr.wikipedia.org/wiki/Jul_(rappeur)
https://fr.wikipedia.org/wiki/Jules_César
https://fr.wikipedia.org/wiki/Jules_Koundé
https://fr.wikipedia.org/wiki/Julia_Roberts
https://fr.wikipedia.org/wiki/Julien_Doré
https://fr.wikipedia.org/wiki/Juventus_Football_Club
https://fr.wikipedia.org/wiki/Jésus_de_Nazareth
https://fr.wikipedia.org/wiki/Kad_Merad
https://fr.wikipedia.org/wiki/Kamaru_Usman
https://fr.wikipedia.org/wiki/Kamini
https://fr.wikipedia.org/wiki/Kareen_Guiock
https://fr.wikipedia.org/wiki/Karim_Benzema
https://fr.wikipedia.org/wiki/Karine_Le_Marchand
https://fr.wikipedia.org/wiki/Kasper_Schmeichel
https://fr.wikipedia.org/wiki/Kate_Bush
https://fr.wikipedia.org/wiki/Keanu_Reeves
https://fr.wikipedia.org/wiki/Keen'V
https://fr.wikipedia.org/wiki/Kelly_McGillis
https://fr.wikipedia.org/wiki/Kelly_Preston
https://fr.wikipedia.org/wiki/Kendji_Girac
https://fr.wikipedia.org/wiki/Kevin_Hart
https://fr.wikipedia.org/wiki/Kevin_Mayer
https://fr.wikipedia.org/wiki/Khabib_Nurmagomedov
https://fr.wikipedia.org/wiki/Kim_Jong-un
https://fr.wikipedia.org/wiki/Kim_Kardashian
https://fr.wikipedia.org/wiki/Kiss_(groupe_américain)
https://fr.wikipedia.org/wiki/Kobe_Bryant
https://fr.wikipedia.org/wiki/Kosovo
https://fr.wikipedia.org/wiki/Kurt_Cobain
https://fr.wikipedia.org/wiki/Kylian_Mbappé
https://fr.wikipedia.org/wiki/Kylie_Jenner
https://fr.wikipedia.org/wiki/Kílian_Jornet
https://fr.wikipedia.org/wiki/L'Attaque_des_Titans
https://fr.wikipedia.org/wiki/L'Homme_des_Hautes_Plaines
https://fr.wikipedia.org/wiki/L'Œuvre_sans_auteur
https://fr.wikipedia.org/wiki/LVMH_-_Moët_Hennessy_Louis_Vuitton
https://fr.wikipedia.org/wiki/La_Chair_de_l'orchidée
https://fr.wikipedia.org/wiki/La_Chèvre
https://fr.wikipedia.org/wiki/La_Flamme_(série_télévisée)
https://fr.wikipedia.org/wiki/La_Momie_(film,_2017)
https://fr.wikipedia.org/wiki/La_Petite_Maison_dans_la_prairie
https://fr.wikipedia.org/wiki/La_Réunion
https://fr.wikipedia.org/wiki/La_vie_est_un_long_fleuve_tranquille
https://fr.wikipedia.org/wiki/Ladji_Doucouré
https://fr.wikipedia.org/wiki/Lady_Gaga
https://fr.wikipedia.org/wiki/Laetitia_Casta
https://fr.wikipedia.org/wiki/Laure_Boulleau
https://fr.wikipedia.org/wiki/Laurent_Ournac
https://fr.wikipedia.org/wiki/LeBron_James
https://fr.wikipedia.org/wiki/Le_Bon,_la_Brute_et_le_Truand
https://fr.wikipedia.org/wiki/Le_Caméléon
https://fr.wikipedia.org/wiki/Le_Canard_à_l'orange_(pièce_de_théâtre)
https://fr.wikipedia.org/wiki/Le_Comte_de_Monte-Cristo
https://fr.wikipedia.org/wiki/Le_Flambeau_:_Les_Aventuriers_de_Chupacabra
https://fr.wikipedia.org/wiki/Le_Gendarme_(série_de_films)
https://fr.wikipedia.org/wiki/Le_Gendarme_de_Saint-Tropez
https://fr.wikipedia.org/wiki/Le_Gendarme_et_les_Gendarmettes
https://fr.wikipedia.org/wiki/Le_Mont-Saint-Michel
https://fr.wikipedia.org/wiki/Le_Roi_lion_(film,_2019)
https://fr.wikipedia.org/wiki/Le_Samaritain_(film)
https://fr.wikipedia.org/wiki/Le_Seigneur_des_anneaux_(série_de_films)
https://fr.wikipedia.org/wiki/Le_Seigneur_des_anneaux_:_Les_Anneaux_de_pouvoir
https://fr.wikipedia.org/wiki/Leboncoin
https://fr.wikipedia.org/wiki/Lee_Van_Cleef
https://fr.wikipedia.org/wiki/Leonardo_DiCaprio
https://fr.wikipedia.org/wiki/Les_Compères
https://fr.wikipedia.org/wiki/Les_Dix_Commandements_(comédie_musicale)
https://fr.wikipedia.org/wiki/Les_Fugitifs_(film,_1986)
https://fr.wikipedia.org/wiki/Les_Sous-doués
https://fr.wikipedia.org/wiki/Les_Traducteurs
https://fr.wikipedia.org/wiki/Les_Traîtres
https://fr.wikipedia.org/wiki/Les_Versets_sataniques
https://fr.wikipedia.org/wiki/Les_Volets_verts_(film)
https://fr.wikipedia.org/wiki/Lesbiennes,_gays,_bisexuels_et_transgenres
https://fr.wikipedia.org/wiki/Lewis_Hamilton
https://fr.wikipedia.org/wiki/Leïla_Bekhti
https://fr.wikipedia.org/wiki/Liam_Neeson
https://fr.wikipedia.org/wiki/Liberace
https://fr.wikipedia.org/wiki/Liechtenstein
https://fr.wikipedia.org/wiki/Ligue_Europa
https://fr.wikipedia.org/wiki/Ligue_Europa_2022-2023
https://fr.wikipedia.org/wiki/Ligue_Europa_Conférence_2022-2023
https://fr.wikipedia.org/wiki/Ligue_des_champions_de_l'UEFA
https://fr.wikipedia.org/wiki/Ligue_des_champions_de_l'UEFA_2021-2022
https://fr.wikipedia.org/wiki/Ligue_des_champions_de_l'UEFA_2022-2023
https://fr.wikipedia.org/wiki/Lilian_Thuram
https://fr.wikipedia.org/wiki/Lion
https://fr.wikipedia.org/wiki/Lionel_Messi
https://fr.wikipedia.org/wiki/Lisa_Marie_Presley
https://fr.wikipedia.org/wiki/Liverpool_Football_Club
https://fr.wikipedia.org/wiki/Locke_and_Key_(série_télévisée)
https://fr.wikipedia.org/wiki/Loire
https://fr.wikipedia.org/wiki/Lola_Dewaere
https://fr.wikipedia.org/wiki/Lorànt_Deutsch
https://fr.wikipedia.org/wiki/Louane
https://fr.wikipedia.org/wiki/Louis-Ferdinand_Céline
https://fr.wikipedia.org/wiki/Louis_Garrel
https://fr.wikipedia.org/wiki/Louis_IX
https://fr.wikipedia.org/wiki/Louis_Mountbatten
https://fr.wikipedia.org/wiki/Louis_XIV
https://fr.wikipedia.org/wiki/Louis_XV
https://fr.wikipedia.org/wiki/Louis_XVI
https://fr.wikipedia.org/wiki/Louis_de_Funès
https://fr.wikipedia.org/wiki/Ludivine_Sagnier
https://fr.wikipedia.org/wiki/Luis_Suárez_(football,_1987)
https://fr.wikipedia.org/wiki/Luis_Suárez_(football,_1997)
https://fr.wikipedia.org/wiki/Luka_Modrić
https://fr.wikipedia.org/wiki/Luxembourg
https://fr.wikipedia.org/wiki/Luís_Figo
https://fr.wikipedia.org/wiki/Lyon
https://fr.wikipedia.org/wiki/Léa_Seydoux
https://fr.wikipedia.org/wiki/Léna_Situations
https://fr.wikipedia.org/wiki/Léonard_de_Vinci
https://fr.wikipedia.org/wiki/Ma_famille_d'abord
https://fr.wikipedia.org/wiki/Ma_vie_avec_Liberace
https://fr.wikipedia.org/wiki/MacOS
https://fr.wikipedia.org/wiki/Madagascar
https://fr.wikipedia.org/wiki/Madame_de_Pompadour
https://fr.wikipedia.org/wiki/Madonna
https://fr.wikipedia.org/wiki/Magali_Berdah
https://fr.wikipedia.org/wiki/Mahomet
https://fr.wikipedia.org/wiki/Maison_Targaryen
https://fr.wikipedia.org/wiki/Maladie_à_corps_de_Lewy
https://fr.wikipedia.org/wiki/Mali
https://fr.wikipedia.org/wiki/Malte
https://fr.wikipedia.org/wiki/Manchester_City_Football_Club
https://fr.wikipedia.org/wiki/Manchester_United_Football_Club
https://fr.wikipedia.org/wiki/Manifest
https://fr.wikipedia.org/wiki/Mante_religieuse
https://fr.wikipedia.org/wiki/Manti_Te'o
https://fr.wikipedia.org/wiki/Marc_Cucurella
https://fr.wikipedia.org/wiki/Marc_Dutroux
https://fr.wikipedia.org/wiki/Marc_Rebillet
https://fr.wikipedia.org/wiki/Marcel_Pagnol
https://fr.wikipedia.org/wiki/Marcelo_(football,_1988)
https://fr.wikipedia.org/wiki/Margaret_du_Royaume-Uni
https://fr.wikipedia.org/wiki/Margot_Robbie
https://fr.wikipedia.org/wiki/Marie_Laforêt
https://fr.wikipedia.org/wiki/Marie_Stuart
https://fr.wikipedia.org/wiki/Marie_Trintignant
https://fr.wikipedia.org/wiki/Marilou_Berry
https://fr.wikipedia.org/wiki/Marilyn_Monroe
https://fr.wikipedia.org/wiki/Marina_Foïs
https://fr.wikipedia.org/wiki/Mario_Balotelli
https://fr.wikipedia.org/wiki/Marion_Cotillard
https://fr.wikipedia.org/wiki/Marlon_Brando
https://fr.wikipedia.org/wiki/Maroc
https://fr.wikipedia.org/wiki/Marseille
https://fr.wikipedia.org/wiki/Martin_Luther_King
https://fr.wikipedia.org/wiki/Mask_Singer
https://fr.wikipedia.org/wiki/Massacre_de_2011_à_San_Fernando
https://fr.wikipedia.org/wiki/Massacre_de_la_Saint-Barthélemy
https://fr.wikipedia.org/wiki/MasterChef_(France)
https://fr.wikipedia.org/wiki/Mathias_Pogba
https://fr.wikipedia.org/wiki/Matt_Damon
https://fr.wikipedia.org/wiki/Matt_Smith_(acteur)
https://fr.wikipedia.org/wiki/Maurizio_Gucci
https://fr.wikipedia.org/wiki/Maverick_(film)
https://fr.wikipedia.org/wiki/Max_Verstappen
https://fr.wikipedia.org/wiki/Mayotte
https://fr.wikipedia.org/wiki/McDonald's
https://fr.wikipedia.org/wiki/Mcfly_et_Carlito
https://fr.wikipedia.org/wiki/Meghan_Markle
https://fr.wikipedia.org/wiki/Meilleurs_buteurs_de_la_Ligue_des_champions_de_l'UEFA
https://fr.wikipedia.org/wiki/Mel_Gibson
https://fr.wikipedia.org/wiki/Melissa_Roxburgh
https://fr.wikipedia.org/wiki/Memphis_Depay
https://fr.wikipedia.org/wiki/Menlo_Park
https://fr.wikipedia.org/wiki/Mercredi_(série_télévisée)
https://fr.wikipedia.org/wiki/Mes_premières_fois
https://fr.wikipedia.org/wiki/Meta_(entreprise)
https://fr.wikipedia.org/wiki/Michael_Jackson
https://fr.wikipedia.org/wiki/Michael_Jordan
https://fr.wikipedia.org/wiki/Michael_Landon
https://fr.wikipedia.org/wiki/Michael_Lang_(producteur)
https://fr.wikipedia.org/wiki/Michael_Schumacher
https://fr.wikipedia.org/wiki/Michael_T._Weiss
https://fr.wikipedia.org/wiki/Michaël_Youn
https://fr.wikipedia.org/wiki/Michel_Berger
https://fr.wikipedia.org/wiki/Michel_Drucker
https://fr.wikipedia.org/wiki/Michel_Galabru
https://fr.wikipedia.org/wiki/Michel_Houellebecq
https://fr.wikipedia.org/wiki/Michel_Polnareff
https://fr.wikipedia.org/wiki/Michel_Sardou
https://fr.wikipedia.org/wiki/Michele_Morrone
https://fr.wikipedia.org/wiki/Micheline_Presle
https://fr.wikipedia.org/wiki/Microsoft_Windows
https://fr.wikipedia.org/wiki/Mike_Tyson
https://fr.wikipedia.org/wiki/Mikhaïl_Gorbatchev
https://fr.wikipedia.org/wiki/Miles_Teller
https://fr.wikipedia.org/wiki/Millie_Bobby_Brown
https://fr.wikipedia.org/wiki/Milly_Alcock
https://fr.wikipedia.org/wiki/Miou-Miou
https://fr.wikipedia.org/wiki/Mission_impossible_(série_de_films)
https://fr.wikipedia.org/wiki/Mohamed_Ali
https://fr.wikipedia.org/wiki/Mohammed_VI
https://fr.wikipedia.org/wiki/Mohandas_Karamchand_Gandhi
https://fr.wikipedia.org/wiki/Monaco
https://fr.wikipedia.org/wiki/Monica_Bellucci
https://fr.wikipedia.org/wiki/Montréal
https://fr.wikipedia.org/wiki/Monténégro
https://fr.wikipedia.org/wiki/Moro-sphinx
https://fr.wikipedia.org/wiki/Morphée
https://fr.wikipedia.org/wiki/My_Hero_Academia
https://fr.wikipedia.org/wiki/Mylène_Farmer
https://fr.wikipedia.org/wiki/Méduse_(mythologie)
https://fr.wikipedia.org/wiki/N'oubliez_pas_les_paroles_!
https://fr.wikipedia.org/wiki/Naegleria_fowleri
https://fr.wikipedia.org/wiki/Nancy_Pelosi
https://fr.wikipedia.org/wiki/Nantes
https://fr.wikipedia.org/wiki/Napoléon_III
https://fr.wikipedia.org/wiki/Napoléon_Ier
https://fr.wikipedia.org/wiki/Naruto
https://fr.wikipedia.org/wiki/Natalie_Portman
https://fr.wikipedia.org/wiki/Neil_Gaiman
https://fr.wikipedia.org/wiki/Neil_Patrick_Harris
https://fr.wikipedia.org/wiki/Nelson_Monfort
https://fr.wikipedia.org/wiki/Netflix
https://fr.wikipedia.org/wiki/New_York
https://fr.wikipedia.org/wiki/Neymar
https://fr.wikipedia.org/wiki/Nicholas_Galitzine
https://fr.wikipedia.org/wiki/Nicolas_Cage
https://fr.wikipedia.org/wiki/Nicolas_Pépé
https://fr.wikipedia.org/wiki/Nicolas_Sarkozy
https://fr.wikipedia.org/wiki/Nikola_Tesla
https://fr.wikipedia.org/wiki/Ninho
https://fr.wikipedia.org/wiki/Noah_Schnapp
https://fr.wikipedia.org/wiki/Nope
https://fr.wikipedia.org/wiki/Norvège
https://fr.wikipedia.org/wiki/Nos_cœurs_meurtris
https://fr.wikipedia.org/wiki/Nottingham_Forest_Football_Club
https://fr.wikipedia.org/wiki/Nouvelle-Calédonie
https://fr.wikipedia.org/wiki/Nuno_Tavares
https://fr.wikipedia.org/wiki/Népal_(rappeur)
https://fr.wikipedia.org/wiki/O.P.J.
https://fr.wikipedia.org/wiki/Oleksandr_Usyk
https://fr.wikipedia.org/wiki/Olivia_Newton-John
https://fr.wikipedia.org/wiki/Olivia_Wilde
https://fr.wikipedia.org/wiki/Olivier_Giroud
https://fr.wikipedia.org/wiki/Olympique_de_Marseille
https://fr.wikipedia.org/wiki/Olympique_lyonnais
https://fr.wikipedia.org/wiki/One_Piece
https://fr.wikipedia.org/wiki/One_Piece_Film:_Red
https://fr.wikipedia.org/wiki/Only_Murders_in_the_Building
https://fr.wikipedia.org/wiki/Ophélia_Kolb
https://fr.wikipedia.org/wiki/Opérations_de_secours_de_la_grotte_de_Tham_Luang
https://fr.wikipedia.org/wiki/Orelsan
https://fr.wikipedia.org/wiki/Orque
https://fr.wikipedia.org/wiki/Oscar_Piastri
https://fr.wikipedia.org/wiki/Oussama_Ammar
https://fr.wikipedia.org/wiki/Oussama_ben_Laden
https://fr.wikipedia.org/wiki/PNL_(groupe)
https://fr.wikipedia.org/wiki/Pablo_Escobar
https://fr.wikipedia.org/wiki/Padma_Lakshmi
https://fr.wikipedia.org/wiki/Pakistan
https://fr.wikipedia.org/wiki/Pansexualité
https://fr.wikipedia.org/wiki/Pap_Ndiaye
https://fr.wikipedia.org/wiki/Paris
https://fr.wikipedia.org/wiki/Paris_Saint-Germain_Football_Club
https://fr.wikipedia.org/wiki/Patricia_Kaas
https://fr.wikipedia.org/wiki/Patrick_Balkany
https://fr.wikipedia.org/wiki/Patrick_Bruel
https://fr.wikipedia.org/wiki/Patrick_Dewaere
https://fr.wikipedia.org/wiki/Patrick_Fiori
https://fr.wikipedia.org/wiki/Patrick_Juvet
https://fr.wikipedia.org/wiki/Patrick_Swayze
https://fr.wikipedia.org/wiki/Patrizia_Reggiani
https://fr.wikipedia.org/wiki/Paul_Pogba
https://fr.wikipedia.org/wiki/Pauline_Ferrand-Prévot
https://fr.wikipedia.org/wiki/Pavel_Sivakov
https://fr.wikipedia.org/wiki/Pays-Bas
https://fr.wikipedia.org/wiki/Peaky_Blinders_(série_télévisée)
https://fr.wikipedia.org/wiki/Pelé
https://fr.wikipedia.org/wiki/Penélope_Cruz
https://fr.wikipedia.org/wiki/Pep_Guardiola
https://fr.wikipedia.org/wiki/Personnages_du_Trône_de_fer
https://fr.wikipedia.org/wiki/Phil_Collins
https://fr.wikipedia.org/wiki/Philip_Mountbatten
https://fr.wikipedia.org/wiki/Philippe_Lacheau
https://fr.wikipedia.org/wiki/Pierre-Emerick_Aubameyang
https://fr.wikipedia.org/wiki/Pierre_Niney
https://fr.wikipedia.org/wiki/Pierre_Richard
https://fr.wikipedia.org/wiki/Pirates_des_Caraïbes
https://fr.wikipedia.org/wiki/Pomme_(chanteuse)
https://fr.wikipedia.org/wiki/Poppers
https://fr.wikipedia.org/wiki/Population_mondiale
https://fr.wikipedia.org/wiki/Portugal
https://fr.wikipedia.org/wiki/Predator_(créature)
https://fr.wikipedia.org/wiki/Predator_(film)
https://fr.wikipedia.org/wiki/Predator_(série_de_films)
https://fr.wikipedia.org/wiki/Première_Guerre_mondiale
https://fr.wikipedia.org/wiki/Prey_(film,_2022)
https://fr.wikipedia.org/wiki/Priscilla_Presley
https://fr.wikipedia.org/wiki/Programme_Artemis
https://fr.wikipedia.org/wiki/Punaise_des_lits
https://fr.wikipedia.org/wiki/Pupille_(film)
https://fr.wikipedia.org/wiki/Puy_du_Fou
https://fr.wikipedia.org/wiki/Pèlerinage_de_Saint-Jacques-de-Compostelle
https://fr.wikipedia.org/wiki/Péché_capital
https://fr.wikipedia.org/wiki/Qu'est-ce_qu'on_a_tous_fait_au_Bon_Dieu_?
https://fr.wikipedia.org/wiki/Queer
https://fr.wikipedia.org/wiki/Quentin_Tarantino
https://fr.wikipedia.org/wiki/Québec
https://fr.wikipedia.org/wiki/Rachel_Legrain-Trapani
https://fr.wikipedia.org/wiki/Rafael_Nadal
https://fr.wikipedia.org/wiki/Ragnar_Lodbrok
https://fr.wikipedia.org/wiki/Rammstein
https://fr.wikipedia.org/wiki/Raïssa_Gorbatcheva
https://fr.wikipedia.org/wiki/Real_Humans_:_100_%_humain
https://fr.wikipedia.org/wiki/Real_Madrid_Club_de_Fútbol
https://fr.wikipedia.org/wiki/Record_du_monde_du_saut_à_la_perche
https://fr.wikipedia.org/wiki/Redcar_(artiste)
https://fr.wikipedia.org/wiki/Renato_Sanches
https://fr.wikipedia.org/wiki/Renaud
https://fr.wikipedia.org/wiki/Renaud_Lavillenie
https://fr.wikipedia.org/wiki/Richard_Williams_(entraîneur_de_tennis)
https://fr.wikipedia.org/wiki/Rihanna
https://fr.wikipedia.org/wiki/Robert_De_Niro
https://fr.wikipedia.org/wiki/Robert_Lewandowski
https://fr.wikipedia.org/wiki/Robert_Redford
https://fr.wikipedia.org/wiki/Robin_Williams
https://fr.wikipedia.org/wiki/Rodolphe_d'Autriche
https://fr.wikipedia.org/wiki/Roger_E._Mosley
https://fr.wikipedia.org/wiki/Roger_Federer
https://fr.wikipedia.org/wiki/Romain_Gary
https://fr.wikipedia.org/wiki/Romy_Schneider
https://fr.wikipedia.org/wiki/Ronaldinho
https://fr.wikipedia.org/wiki/Ronaldo
https://fr.wikipedia.org/wiki/Rouhollah_Khomeini
https://fr.wikipedia.org/wiki/Roy_Orbison
https://fr.wikipedia.org/wiki/Royaume-Uni
https://fr.wikipedia.org/wiki/Russie
https://fr.wikipedia.org/wiki/Ruud_van_Nistelrooy
https://fr.wikipedia.org/wiki/Ryan_Gosling
https://fr.wikipedia.org/wiki/Ryan_Reynolds
https://fr.wikipedia.org/wiki/Région_française
https://fr.wikipedia.org/wiki/Rémy_Riou
https://fr.wikipedia.org/wiki/République_démocratique_du_Congo
https://fr.wikipedia.org/wiki/Réseautage_social
https://fr.wikipedia.org/wiki/Sadio_Mané
https://fr.wikipedia.org/wiki/Sagrada_Família
https://fr.wikipedia.org/wiki/Saison_11_de_The_Walking_Dead
https://fr.wikipedia.org/wiki/Saison_12_de_Danse_avec_les_stars
https://fr.wikipedia.org/wiki/Saison_4_de_Stranger_Things
https://fr.wikipedia.org/wiki/Saison_6_de_Better_Call_Saul
https://fr.wikipedia.org/wiki/Salman_Rushdie
https://fr.wikipedia.org/wiki/Salvador_Dalí
https://fr.wikipedia.org/wiki/Samuel_Eto'o
https://fr.wikipedia.org/wiki/Samuel_Gigot
https://fr.wikipedia.org/wiki/Samuel_Umtiti
https://fr.wikipedia.org/wiki/Sandman_(Gaiman)
https://fr.wikipedia.org/wiki/Sandman_(série_télévisée)
https://fr.wikipedia.org/wiki/Sandra_Bullock
https://fr.wikipedia.org/wiki/Sandrine_Rousseau
https://fr.wikipedia.org/wiki/Sanna_Marin
https://fr.wikipedia.org/wiki/Sara_Giraudeau
https://fr.wikipedia.org/wiki/Sara_Mortensen
https://fr.wikipedia.org/wiki/Sardaigne
https://fr.wikipedia.org/wiki/Scarlett_Johansson
https://fr.wikipedia.org/wiki/Scientologie
https://fr.wikipedia.org/wiki/Sean_Connery
https://fr.wikipedia.org/wiki/Seb_la_Frite
https://fr.wikipedia.org/wiki/Seconde_Guerre_mondiale
https://fr.wikipedia.org/wiki/Seko_Fofana
https://fr.wikipedia.org/wiki/Selena_Gomez
https://fr.wikipedia.org/wiki/Sept_Merveilles_du_monde
https://fr.wikipedia.org/wiki/Serena_Williams
https://fr.wikipedia.org/wiki/Serge_Gainsbourg
https://fr.wikipedia.org/wiki/Sergio_Ramos
https://fr.wikipedia.org/wiki/Sexe
https://fr.wikipedia.org/wiki/Shakira
https://fr.wikipedia.org/wiki/She-Hulk_:_Avocate
https://fr.wikipedia.org/wiki/Sienna_Miller
https://fr.wikipedia.org/wiki/Signe_du_zodiaque
https://fr.wikipedia.org/wiki/Silvio_Berlusconi
https://fr.wikipedia.org/wiki/Simon_Porte_Jacquemus
https://fr.wikipedia.org/wiki/Singapour
https://fr.wikipedia.org/wiki/Slovénie
https://fr.wikipedia.org/wiki/Snapchat
https://fr.wikipedia.org/wiki/Snoop_Dogg
https://fr.wikipedia.org/wiki/Société_anonyme
https://fr.wikipedia.org/wiki/Sofia_Boutella
https://fr.wikipedia.org/wiki/Sofia_Carson
https://fr.wikipedia.org/wiki/Sophie_Davant
https://fr.wikipedia.org/wiki/Sophie_Marceau
https://fr.wikipedia.org/wiki/Space_Launch_System
https://fr.wikipedia.org/wiki/Spritz
https://fr.wikipedia.org/wiki/Sri_Lanka
https://fr.wikipedia.org/wiki/Star_Wars
https://fr.wikipedia.org/wiki/Starlink
https://fr.wikipedia.org/wiki/Statue_de_la_Liberté
https://fr.wikipedia.org/wiki/Statut_de_Taïwan
https://fr.wikipedia.org/wiki/Stellantis
https://fr.wikipedia.org/wiki/Stephen_Hawking
https://fr.wikipedia.org/wiki/Stephen_King
https://fr.wikipedia.org/wiki/Steve_Jobs
https://fr.wikipedia.org/wiki/Steven_Spielberg
https://fr.wikipedia.org/wiki/Stillwater_(film)
https://fr.wikipedia.org/wiki/Stranger_Things
https://fr.wikipedia.org/wiki/Stromae
https://fr.wikipedia.org/wiki/Stéphane_Bern
https://fr.wikipedia.org/wiki/Stéphane_Carlier
https://fr.wikipedia.org/wiki/Stéphane_Diagana
https://fr.wikipedia.org/wiki/Suisse
https://fr.wikipedia.org/wiki/Supercoupe_de_l'UEFA
https://fr.wikipedia.org/wiki/Superman_et_Loïs
https://fr.wikipedia.org/wiki/Sur_ordre_de_Dieu
https://fr.wikipedia.org/wiki/Suède
https://fr.wikipedia.org/wiki/Swimming_Pool
https://fr.wikipedia.org/wiki/Sylvester_Stallone
https://fr.wikipedia.org/wiki/Sébastien_Demorand
https://fr.wikipedia.org/wiki/Sébastien_Haller
https://fr.wikipedia.org/wiki/Sénégal
https://fr.wikipedia.org/wiki/Tableau_périodique_des_éléments
https://fr.wikipedia.org/wiki/Taj_Mahal
https://fr.wikipedia.org/wiki/Tatiana_Maslany
https://fr.wikipedia.org/wiki/Tayc
https://fr.wikipedia.org/wiki/Taïwan
https://fr.wikipedia.org/wiki/Tchéquie
https://fr.wikipedia.org/wiki/Test
https://fr.wikipedia.org/wiki/The_Beatles
https://fr.wikipedia.org/wiki/The_Boys_(série_télévisée)
https://fr.wikipedia.org/wiki/The_Gray_Man
https://fr.wikipedia.org/wiki/The_Handmaid's_Tale_:_La_Servante_écarlate
https://fr.wikipedia.org/wiki/The_Pirate_Bay
https://fr.wikipedia.org/wiki/The_Walking_Dead_(série_télévisée)
https://fr.wikipedia.org/wiki/Thelma_et_Louise
https://fr.wikipedia.org/wiki/Thierry_Henry
https://fr.wikipedia.org/wiki/Thor:_Love_and_Thunder
https://fr.wikipedia.org/wiki/Théo_Curin
https://fr.wikipedia.org/wiki/TikTok
https://fr.wikipedia.org/wiki/Timo_Werner
https://fr.wikipedia.org/wiki/Timothée_Chalamet
https://fr.wikipedia.org/wiki/Tina_Turner
https://fr.wikipedia.org/wiki/Titanic
https://fr.wikipedia.org/wiki/Tom_Cruise
https://fr.wikipedia.org/wiki/Tom_Hanks
https://fr.wikipedia.org/wiki/Tom_Hardy
https://fr.wikipedia.org/wiki/Tom_Holland_(acteur)
https://fr.wikipedia.org/wiki/Tom_Selleck
https://fr.wikipedia.org/wiki/Tom_Sturridge
https://fr.wikipedia.org/wiki/Tonie_Marshall
https://fr.wikipedia.org/wiki/Tony_Parker
https://fr.wikipedia.org/wiki/Top_Gun_(film)
https://fr.wikipedia.org/wiki/Top_Gun_:_Maverick
https://fr.wikipedia.org/wiki/Torchwood
https://fr.wikipedia.org/wiki/Toulouse
https://fr.wikipedia.org/wiki/Toulouse_Football_Club
https://fr.wikipedia.org/wiki/Tour_Eiffel
https://fr.wikipedia.org/wiki/Tour_d'Espagne_2022
https://fr.wikipedia.org/wiki/Tour_de_Pise
https://fr.wikipedia.org/wiki/Traduction
https://fr.wikipedia.org/wiki/Treize_Vies
https://fr.wikipedia.org/wiki/Trois_mille_ans_à_t'attendre
https://fr.wikipedia.org/wiki/Tunisie
https://fr.wikipedia.org/wiki/Tupac_Shakur
https://fr.wikipedia.org/wiki/Turquie
https://fr.wikipedia.org/wiki/Twitter
https://fr.wikipedia.org/wiki/Two_Lovers
https://fr.wikipedia.org/wiki/Témoins_de_Jéhovah
https://fr.wikipedia.org/wiki/Ukraine
https://fr.wikipedia.org/wiki/Ultra-Trail_du_Mont-Blanc
https://fr.wikipedia.org/wiki/Umbrella_Academy_(série_télévisée)
https://fr.wikipedia.org/wiki/Union_des_républiques_socialistes_soviétiques
https://fr.wikipedia.org/wiki/Union_européenne
https://fr.wikipedia.org/wiki/Univers_cinématographique_Marvel
https://fr.wikipedia.org/wiki/Usain_Bolt
https://fr.wikipedia.org/wiki/Val_Kilmer
https://fr.wikipedia.org/wiki/Valérie_Trierweiler
https://fr.wikipedia.org/wiki/Valéry_Giscard_d'Estaing
https://fr.wikipedia.org/wiki/Vanessa_Paradis
https://fr.wikipedia.org/wiki/Variole_du_singe
https://fr.wikipedia.org/wiki/Venus_Williams
https://fr.wikipedia.org/wiki/Versets_sataniques_du_Coran
https://fr.wikipedia.org/wiki/Vespa_velutina
https://fr.wikipedia.org/wiki/Vesper_Chronicles
https://fr.wikipedia.org/wiki/Viaduc_de_Millau
https://fr.wikipedia.org/wiki/Vianney
https://fr.wikipedia.org/wiki/Victor_Hugo
https://fr.wikipedia.org/wiki/Victoria_(reine)
https://fr.wikipedia.org/wiki/Vikings_(série_télévisée)
https://fr.wikipedia.org/wiki/Viktor_Bout
https://fr.wikipedia.org/wiki/Vincent_Cassel
https://fr.wikipedia.org/wiki/Vincent_Lindon
https://fr.wikipedia.org/wiki/Vincent_van_Gogh
https://fr.wikipedia.org/wiki/Virginie_Despentes
https://fr.wikipedia.org/wiki/Virginie_Efira
https://fr.wikipedia.org/wiki/Virginie_Ledoyen
https://fr.wikipedia.org/wiki/Vitaa
https://fr.wikipedia.org/wiki/Vitinha_(football,_2000)
https://fr.wikipedia.org/wiki/Vladimir_Poutine
https://fr.wikipedia.org/wiki/Vol_au-dessus_d'un_nid_de_coucou
https://fr.wikipedia.org/wiki/Volodymyr_Zelensky
https://fr.wikipedia.org/wiki/Véronique_Sanson
https://fr.wikipedia.org/wiki/Walid_Regragui
https://fr.wikipedia.org/wiki/Wesley_Fofana_(football)
https://fr.wikipedia.org/wiki/Westworld_(série_télévisée)
https://fr.wikipedia.org/wiki/WhatsApp
https://fr.wikipedia.org/wiki/Whitney_Houston
https://fr.wikipedia.org/wiki/Wiki
https://fr.wikipedia.org/wiki/William_Leymergie
https://fr.wikipedia.org/wiki/William_Saliba
https://fr.wikipedia.org/wiki/William_de_Cambridge
https://fr.wikipedia.org/wiki/Windows_Phone
https://fr.wikipedia.org/wiki/Winona_Ryder
https://fr.wikipedia.org/wiki/Winston_Churchill
https://fr.wikipedia.org/wiki/Woke
https://fr.wikipedia.org/wiki/XXX
https://fr.wikipedia.org/wiki/XXXTentacion
https://fr.wikipedia.org/wiki/XXXX_(album)
https://fr.wikipedia.org/wiki/XXXX_(marque_de_bières_australiennes)
https://fr.wikipedia.org/wiki/Yannick_Noah
https://fr.wikipedia.org/wiki/Yellowstone_(série_télévisée)
https://fr.wikipedia.org/wiki/YggTorrent
https://fr.wikipedia.org/wiki/Yoann_Riou
https://fr.wikipedia.org/wiki/YouTube
https://fr.wikipedia.org/wiki/Yves_Montand
https://fr.wikipedia.org/wiki/Zendaya
https://fr.wikipedia.org/wiki/Zinédine_Zidane
https://fr.wikipedia.org/wiki/Zlatan_Ibrahimović
https://fr.wikipedia.org/wiki/Ángel_Di_María
https://fr.wikipedia.org/wiki/Édith_Piaf
https://fr.wikipedia.org/wiki/Édouard_VIII
https://fr.wikipedia.org/wiki/Église_de_Jésus-Christ_des_saints_des_derniers_jours
https://fr.wikipedia.org/wiki/Élisabeth_Borne
https://fr.wikipedia.org/wiki/Élisabeth_Bost
https://fr.wikipedia.org/wiki/Élisabeth_II
https://fr.wikipedia.org/wiki/Élisabeth_Ire_(reine_d'Angleterre)
https://fr.wikipedia.org/wiki/Élisabeth_de_Wittelsbach
https://fr.wikipedia.org/wiki/Élodie_Fontan
https://fr.wikipedia.org/wiki/Équipe_de_France_de_football
https://fr.wikipedia.org/wiki/Éric_Bailly
https://fr.wikipedia.org/wiki/Éric_Dupond-Moretti
https://fr.wikipedia.org/wiki/Éric_Zemmour
https://fr.wikipedia.org/wiki/États-Unis
https://fr.wikipedia.org/wiki/États_des_États-Unis
https://fr.wikipedia.org/wiki/Éternels_(DC_Comics)
https://fr.wikipedia.org/wiki/Île_Maurice
https://fr.wikipedia.org/wiki/Île_de_Ré
https://fr.wikipedia.org/wiki/Îles_Canaries
