https://en.wikipedia.org/wiki/12th_Man_(film)
https://en.wikipedia.org/wiki/1989_Tiananmen_Square_protests_and_massacre
https://en.wikipedia.org/wiki/2017_Las_Vegas_shooting
https://en.wikipedia.org/wiki/2019_Formula_One_World_Championship
https://en.wikipedia.org/wiki/2021–22_Premier_League
https://en.wikipedia.org/wiki/2022_Colombian_presidential_election
https://en.wikipedia.org/wiki/2022_FIFA_World_Cup_qualification_(CONCACAF–OFC_play-off)
https://en.wikipedia.org/wiki/2022_FIFA_World_Cup_qualification_–_AFC_Fourth_Round
https://en.wikipedia.org/wiki/2022_French_presidential_election
https://en.wikipedia.org/wiki/2022_Malaysia_Open
https://en.wikipedia.org/wiki/2022_NBA_playoffs
https://en.wikipedia.org/wiki/2022_New_York_gubernatorial_election
https://en.wikipedia.org/wiki/2022_Oslo_shooting
https://en.wikipedia.org/wiki/2022_Tulsa_hospital_shooting
https://en.wikipedia.org/wiki/2022_national_electoral_calendar
https://en.wikipedia.org/wiki/2023_UEFA_European_Under-21_Championship_qualification
https://en.wikipedia.org/wiki/20th_Century_Studios
https://en.wikipedia.org/wiki/21_Savage
https://en.wikipedia.org/wiki/365_Days:_This_Day
https://en.wikipedia.org/wiki/3_Idiots
https://en.wikipedia.org/wiki/48th_G7_summit
https://en.wikipedia.org/wiki/69_(sex_position)
https://en.wikipedia.org/wiki/94th_Academy_Awards
https://en.wikipedia.org/wiki/AFC_Ajax
https://en.wikipedia.org/wiki/AN-94
https://en.wikipedia.org/wiki/API
https://en.wikipedia.org/wiki/Aaditi_Pohankar
https://en.wikipedia.org/wiki/Abigail_Breslin
https://en.wikipedia.org/wiki/Absinthe
https://en.wikipedia.org/wiki/Adam_McKay
https://en.wikipedia.org/wiki/Adele
https://en.wikipedia.org/wiki/Adidas
https://en.wikipedia.org/wiki/Adolf_Hitler
https://en.wikipedia.org/wiki/Agatha_Christie
https://en.wikipedia.org/wiki/Ahsoka_(TV_series)
https://en.wikipedia.org/wiki/Aidan_Gallagher
https://en.wikipedia.org/wiki/Aileen_Wuornos
https://en.wikipedia.org/wiki/Air_pollution
https://en.wikipedia.org/wiki/Airbus_A320_family
https://en.wikipedia.org/wiki/Akbar
https://en.wikipedia.org/wiki/Akshara_Haasan
https://en.wikipedia.org/wiki/Al_Arabiya
https://en.wikipedia.org/wiki/Alan_Watts
https://en.wikipedia.org/wiki/Albert_II,_Prince_of_Monaco
https://en.wikipedia.org/wiki/Alex_Rodriguez
https://en.wikipedia.org/wiki/Alexander_Dreymon
https://en.wikipedia.org/wiki/Alexander_Hamilton
https://en.wikipedia.org/wiki/Alexander_Zverev
https://en.wikipedia.org/wiki/Alexander_the_Great
https://en.wikipedia.org/wiki/Alfie_Haaland
https://en.wikipedia.org/wiki/Aliens_(film)
https://en.wikipedia.org/wiki/Allen_Iverson
https://en.wikipedia.org/wiki/Amber_Midthunder
https://en.wikipedia.org/wiki/Amblin_Entertainment
https://en.wikipedia.org/wiki/America_Ferrera
https://en.wikipedia.org/wiki/American_Civil_War
https://en.wikipedia.org/wiki/American_Mafia
https://en.wikipedia.org/wiki/American_Pie_(film)
https://en.wikipedia.org/wiki/American_Psycho_(film)
https://en.wikipedia.org/wiki/Amitabh_Bachchan
https://en.wikipedia.org/wiki/Among_Us
https://en.wikipedia.org/wiki/Amy_Adams
https://en.wikipedia.org/wiki/Ancient_Egypt
https://en.wikipedia.org/wiki/Andrea_Bocelli
https://en.wikipedia.org/wiki/Andrei_Vasilevskiy
https://en.wikipedia.org/wiki/Andrew_Johnson
https://en.wikipedia.org/wiki/Andrew_Tate
https://en.wikipedia.org/wiki/André_the_Giant
https://en.wikipedia.org/wiki/Andy_Dick
https://en.wikipedia.org/wiki/Andy_Fletcher_(musician)
https://en.wikipedia.org/wiki/Angus_MacLane
https://en.wikipedia.org/wiki/Animal_Farm
https://en.wikipedia.org/wiki/Animal_Kingdom_(TV_series)
https://en.wikipedia.org/wiki/Anita_Hill
https://en.wikipedia.org/wiki/Anna_Kournikova
https://en.wikipedia.org/wiki/Annie_January
https://en.wikipedia.org/wiki/Ansel_Adams
https://en.wikipedia.org/wiki/Anthony_Mackie
https://en.wikipedia.org/wiki/Antoine_Griezmann
https://en.wikipedia.org/wiki/Aphasia
https://en.wikipedia.org/wiki/Apocalypse_Now
https://en.wikipedia.org/wiki/Arian_Moayed
https://en.wikipedia.org/wiki/Arijit_Singh
https://en.wikipedia.org/wiki/Arizona
https://en.wikipedia.org/wiki/Arleigh_Burke-class_destroyer
https://en.wikipedia.org/wiki/Arthur_Wellesley,_1st_Duke_of_Wellington
https://en.wikipedia.org/wiki/Atherosclerosis
https://en.wikipedia.org/wiki/Atiku_Abubakar
https://en.wikipedia.org/wiki/Atonement_(2007_film)
https://en.wikipedia.org/wiki/Attack:_Part_1
https://en.wikipedia.org/wiki/Attention_deficit_hyperactivity_disorder
https://en.wikipedia.org/wiki/Aubrey_Plaza
https://en.wikipedia.org/wiki/Auckland
https://en.wikipedia.org/wiki/Aurangzeb
https://en.wikipedia.org/wiki/Aurora
https://en.wikipedia.org/wiki/Austria
https://en.wikipedia.org/wiki/Automotive_industry
https://en.wikipedia.org/wiki/Average_human_height_by_country
https://en.wikipedia.org/wiki/Aya_Cash
https://en.wikipedia.org/wiki/BMW
https://en.wikipedia.org/wiki/Babe_Ruth
https://en.wikipedia.org/wiki/Bachchhan_Paandey
https://en.wikipedia.org/wiki/Backstreet_Boys
https://en.wikipedia.org/wiki/Bad_Bunny
https://en.wikipedia.org/wiki/Baldwin_IV_of_Jerusalem
https://en.wikipedia.org/wiki/Ballon_d'Or
https://en.wikipedia.org/wiki/Barbie_(film)
https://en.wikipedia.org/wiki/Barnacle
https://en.wikipedia.org/wiki/Barry_(TV_series)
https://en.wikipedia.org/wiki/Batman
https://en.wikipedia.org/wiki/Batman_Forever
https://en.wikipedia.org/wiki/Batman_v_Superman:_Dawn_of_Justice
https://en.wikipedia.org/wiki/Baz_Luhrmann
https://en.wikipedia.org/wiki/Beast_(2022_Indian_film)
https://en.wikipedia.org/wiki/Beastie_Boys
https://en.wikipedia.org/wiki/Beetlejuice
https://en.wikipedia.org/wiki/Bell_Boeing_V-22_Osprey
https://en.wikipedia.org/wiki/Bella_Thorne
https://en.wikipedia.org/wiki/Below_Deck
https://en.wikipedia.org/wiki/Below_Deck_Mediterranean
https://en.wikipedia.org/wiki/Bengali_language
https://en.wikipedia.org/wiki/Bennedict_Mathurin
https://en.wikipedia.org/wiki/Bestgore.com
https://en.wikipedia.org/wiki/Better_Call_Saul_(season_6)
https://en.wikipedia.org/wiki/Bill_Gates
https://en.wikipedia.org/wiki/Billions_(TV_series)
https://en.wikipedia.org/wiki/Bipolar_disorder
https://en.wikipedia.org/wiki/Bird
https://en.wikipedia.org/wiki/Biz_Stone
https://en.wikipedia.org/wiki/BlackRock
https://en.wikipedia.org/wiki/Black_Bird_(miniseries)
https://en.wikipedia.org/wiki/Black_Dahlia
https://en.wikipedia.org/wiki/Blackpink
https://en.wikipedia.org/wiki/Bob_Odenkirk
https://en.wikipedia.org/wiki/Bobbi_Kristina_Brown
https://en.wikipedia.org/wiki/Body_mass_index
https://en.wikipedia.org/wiki/Boeing_AH-64_Apache
https://en.wikipedia.org/wiki/Bohemian_Grove
https://en.wikipedia.org/wiki/Booking.com
https://en.wikipedia.org/wiki/Botswana
https://en.wikipedia.org/wiki/Brahmāstra_(film)
https://en.wikipedia.org/wiki/Brian_Cox_(actor)
https://en.wikipedia.org/wiki/British_Raj
https://en.wikipedia.org/wiki/Brown_bear
https://en.wikipedia.org/wiki/Bupropion
https://en.wikipedia.org/wiki/C._S._Lewis
https://en.wikipedia.org/wiki/CONMEBOL–UEFA_Cup_of_Champions
https://en.wikipedia.org/wiki/COVID-19_pandemic_by_country_and_territory
https://en.wikipedia.org/wiki/Calculator
https://en.wikipedia.org/wiki/Caleb_McLaughlin
https://en.wikipedia.org/wiki/Call_of_Duty
https://en.wikipedia.org/wiki/Call_of_Duty:_Modern_Warfare_(2019_video_game)
https://en.wikipedia.org/wiki/Cameron_Diaz
https://en.wikipedia.org/wiki/Cameron_Monaghan
https://en.wikipedia.org/wiki/Candace_Owens
https://en.wikipedia.org/wiki/Candidates_Tournament_2022
https://en.wikipedia.org/wiki/Cape_Verde
https://en.wikipedia.org/wiki/Cara_Delevingne
https://en.wikipedia.org/wiki/Cary_Elwes
https://en.wikipedia.org/wiki/Casper_Van_Dien
https://en.wikipedia.org/wiki/Casualties_of_the_Russo-Ukrainian_War
https://en.wikipedia.org/wiki/Cat
https://en.wikipedia.org/wiki/Cat_Stevens
https://en.wikipedia.org/wiki/Cattle
https://en.wikipedia.org/wiki/Caucasian_race
https://en.wikipedia.org/wiki/Cecil_Hotel_(Los_Angeles)
https://en.wikipedia.org/wiki/Charles_Bronson
https://en.wikipedia.org/wiki/Charli_XCX
https://en.wikipedia.org/wiki/Charlie_Heaton
https://en.wikipedia.org/wiki/Chelsea_Handler
https://en.wikipedia.org/wiki/Cher
https://en.wikipedia.org/wiki/Chernobyl_disaster
https://en.wikipedia.org/wiki/Chester_Bennington
https://en.wikipedia.org/wiki/Chiang_Kai-shek
https://en.wikipedia.org/wiki/Chris_Evert
https://en.wikipedia.org/wiki/Chris_McCandless
https://en.wikipedia.org/wiki/Chris_Penn
https://en.wikipedia.org/wiki/Christian_Wood
https://en.wikipedia.org/wiki/Christopher_Lloyd
https://en.wikipedia.org/wiki/Christopher_Newport_University
https://en.wikipedia.org/wiki/Christopher_Plummer
https://en.wikipedia.org/wiki/Cisgender
https://en.wikipedia.org/wiki/Clarence_Thomas
https://en.wikipedia.org/wiki/Cleidocranial_dysostosis
https://en.wikipedia.org/wiki/Coeliac_disease
https://en.wikipedia.org/wiki/Colin_Powell
https://en.wikipedia.org/wiki/Columbine_High_School_massacre
https://en.wikipedia.org/wiki/Commonwealth_of_Nations
https://en.wikipedia.org/wiki/Commonwealth_realm
https://en.wikipedia.org/wiki/Computer
https://en.wikipedia.org/wiki/Conan_O'Brien
https://en.wikipedia.org/wiki/Confederate_States_of_America
https://en.wikipedia.org/wiki/Cory_Booker
https://en.wikipedia.org/wiki/Costa_Rica
https://en.wikipedia.org/wiki/Credit_card
https://en.wikipedia.org/wiki/Creedence_Clearwater_Revival
https://en.wikipedia.org/wiki/Crete
https://en.wikipedia.org/wiki/Crimes_of_the_Future_(2022_film)
https://en.wikipedia.org/wiki/Crips
https://en.wikipedia.org/wiki/Critical_race_theory
https://en.wikipedia.org/wiki/Croatia
https://en.wikipedia.org/wiki/Cronus
https://en.wikipedia.org/wiki/Crunchyroll
https://en.wikipedia.org/wiki/Cuba
https://en.wikipedia.org/wiki/Cuckold
https://en.wikipedia.org/wiki/Cum_Town
https://en.wikipedia.org/wiki/Cunnilingus
https://en.wikipedia.org/wiki/DNA
https://en.wikipedia.org/wiki/Daniella_Pineda
https://en.wikipedia.org/wiki/Darren_Aronofsky
https://en.wikipedia.org/wiki/Daryl_McCormack
https://en.wikipedia.org/wiki/Dave_Chappelle
https://en.wikipedia.org/wiki/Dave_Mustaine
https://en.wikipedia.org/wiki/David_Arquette
https://en.wikipedia.org/wiki/David_Gilmour
https://en.wikipedia.org/wiki/David_Tennant
https://en.wikipedia.org/wiki/Dead_End:_Paranormal_Park
https://en.wikipedia.org/wiki/Deadpool_(film)
https://en.wikipedia.org/wiki/Debbie_Harry
https://en.wikipedia.org/wiki/Delhi_Sultanate
https://en.wikipedia.org/wiki/Derecho
https://en.wikipedia.org/wiki/Detroit
https://en.wikipedia.org/wiki/Dev_Patel
https://en.wikipedia.org/wiki/Devin_Haney
https://en.wikipedia.org/wiki/Devon_Allen
https://en.wikipedia.org/wiki/Dharmendra
https://en.wikipedia.org/wiki/Diamond_Jubilee_of_Elizabeth_II
https://en.wikipedia.org/wiki/Diane_Weyermann
https://en.wikipedia.org/wiki/Disney_Star
https://en.wikipedia.org/wiki/Dissociative_identity_disorder
https://en.wikipedia.org/wiki/Divergent_(film)
https://en.wikipedia.org/wiki/Djed_Spence
https://en.wikipedia.org/wiki/Djibouti
https://en.wikipedia.org/wiki/Dmitry_Bivol
https://en.wikipedia.org/wiki/Doctor_Strange_in_the_Multiverse_of_Madness
https://en.wikipedia.org/wiki/Dominic_Cooper
https://en.wikipedia.org/wiki/Dominique_Crenn
https://en.wikipedia.org/wiki/Don_(2022_film)
https://en.wikipedia.org/wiki/Don_Johnson
https://en.wikipedia.org/wiki/Donald_Cline
https://en.wikipedia.org/wiki/Doxycycline
https://en.wikipedia.org/wiki/Drag_queen
https://en.wikipedia.org/wiki/Dubai
https://en.wikipedia.org/wiki/Dunblane_massacre
https://en.wikipedia.org/wiki/Dune_(2021_film)
https://en.wikipedia.org/wiki/Dune_(franchise)
https://en.wikipedia.org/wiki/Durian
https://en.wikipedia.org/wiki/Dustin_Hoffman
https://en.wikipedia.org/wiki/Dyson_Daniels
https://en.wikipedia.org/wiki/Eastern_Orthodox_Church
https://en.wikipedia.org/wiki/Ectopic_pregnancy
https://en.wikipedia.org/wiki/Ecuador
https://en.wikipedia.org/wiki/Ed_Harris
https://en.wikipedia.org/wiki/Ed_Sheeran
https://en.wikipedia.org/wiki/Eddie_Izzard
https://en.wikipedia.org/wiki/Edge_of_Tomorrow
https://en.wikipedia.org/wiki/Edinson_Cavani
https://en.wikipedia.org/wiki/Edmonton_Oilers
https://en.wikipedia.org/wiki/Edmund_Kemper
https://en.wikipedia.org/wiki/Education
https://en.wikipedia.org/wiki/Edward_VIII
https://en.wikipedia.org/wiki/Ejaculation
https://en.wikipedia.org/wiki/Electronic_Arts
https://en.wikipedia.org/wiki/Elephant's_Foot_(Chernobyl)
https://en.wikipedia.org/wiki/Eleven_(Stranger_Things)
https://en.wikipedia.org/wiki/Elisha_Cuthbert
https://en.wikipedia.org/wiki/Elizabeth_Debicki
https://en.wikipedia.org/wiki/Elizabeth_Holmes
https://en.wikipedia.org/wiki/Elizabeth_I
https://en.wikipedia.org/wiki/Elizabeth_II
https://en.wikipedia.org/wiki/Elizabeth_Olsen
https://en.wikipedia.org/wiki/Elizabeth_Taylor
https://en.wikipedia.org/wiki/Elizabeth_Woodville
https://en.wikipedia.org/wiki/Elsa_Pataky
https://en.wikipedia.org/wiki/Elton_John
https://en.wikipedia.org/wiki/Emile_Hirsch
https://en.wikipedia.org/wiki/Emilie_Livingston
https://en.wikipedia.org/wiki/Emmanuel_Macron
https://en.wikipedia.org/wiki/Emmett_Shear
https://en.wikipedia.org/wiki/Encanto
https://en.wikipedia.org/wiki/England_national_football_team
https://en.wikipedia.org/wiki/Erik_Johnson
https://en.wikipedia.org/wiki/Esha_Gupta
https://en.wikipedia.org/wiki/Esme_Young
https://en.wikipedia.org/wiki/Ethan_Peck
https://en.wikipedia.org/wiki/Ethan_Suplee
https://en.wikipedia.org/wiki/Eugene_Levy
https://en.wikipedia.org/wiki/Euro
https://en.wikipedia.org/wiki/Europe
https://en.wikipedia.org/wiki/Eurovision_Song_Contest_2022
https://en.wikipedia.org/wiki/Eva_Braun
https://en.wikipedia.org/wiki/Eva_Longoria
https://en.wikipedia.org/wiki/Evan_Peters
https://en.wikipedia.org/wiki/Evan_Ross
https://en.wikipedia.org/wiki/Evander_Holyfield
https://en.wikipedia.org/wiki/F5,_Inc.
https://en.wikipedia.org/wiki/Fairuza_Balk
https://en.wikipedia.org/wiki/Fall_Guys
https://en.wikipedia.org/wiki/Fantastic_Beasts:_The_Crimes_of_Grindelwald
https://en.wikipedia.org/wiki/Fatimah
https://en.wikipedia.org/wiki/Fear_Factor:_Khatron_Ke_Khiladi
https://en.wikipedia.org/wiki/Feast_of_Corpus_Christi
https://en.wikipedia.org/wiki/Features_of_the_Marvel_Cinematic_Universe
https://en.wikipedia.org/wiki/Felipe_VI
https://en.wikipedia.org/wiki/Final_Fantasy
https://en.wikipedia.org/wiki/Final_Fantasy_XVI
https://en.wikipedia.org/wiki/Finn_Wolfhard
https://en.wikipedia.org/wiki/Fire_Emblem_Warriors:_Three_Hopes
https://en.wikipedia.org/wiki/Fire_Island
https://en.wikipedia.org/wiki/Firestarter_(2022_film)
https://en.wikipedia.org/wiki/First-person_shooter
https://en.wikipedia.org/wiki/Five_Families
https://en.wikipedia.org/wiki/Flag_Day_(United_States)
https://en.wikipedia.org/wiki/Florida
https://en.wikipedia.org/wiki/Forest_Whitaker
https://en.wikipedia.org/wiki/Fourier_transform
https://en.wikipedia.org/wiki/Fox_News
https://en.wikipedia.org/wiki/Francis_Ouimet
https://en.wikipedia.org/wiki/Frank_Abagnale
https://en.wikipedia.org/wiki/Frank_Zappa
https://en.wikipedia.org/wiki/Fred_Rogers
https://en.wikipedia.org/wiki/Free_Guy
https://en.wikipedia.org/wiki/French_Guiana
https://en.wikipedia.org/wiki/French_Open
https://en.wikipedia.org/wiki/Frenkie_de_Jong
https://en.wikipedia.org/wiki/Fresh_(2022_film)
https://en.wikipedia.org/wiki/Fábio_Carvalho_(footballer,_born_2002)
https://en.wikipedia.org/wiki/Game_of_Thrones
https://en.wikipedia.org/wiki/Gary_Oldman
https://en.wikipedia.org/wiki/Gautama_Buddha
https://en.wikipedia.org/wiki/Gautami
https://en.wikipedia.org/wiki/Gavin_Newsom
https://en.wikipedia.org/wiki/Gene_Wilder
https://en.wikipedia.org/wiki/Genghis_Khan
https://en.wikipedia.org/wiki/George_Floyd
https://en.wikipedia.org/wiki/George_Foreman
https://en.wikipedia.org/wiki/George_R._R._Martin
https://en.wikipedia.org/wiki/Georgia_(U.S._state)
https://en.wikipedia.org/wiki/Georgia_(country)
https://en.wikipedia.org/wiki/Gerard_John_Schaefer
https://en.wikipedia.org/wiki/German_Empire
https://en.wikipedia.org/wiki/Germany
https://en.wikipedia.org/wiki/Ghana
https://en.wikipedia.org/wiki/Gianluca_Scamacca
https://en.wikipedia.org/wiki/Gil_Birmingham
https://en.wikipedia.org/wiki/Gmail
https://en.wikipedia.org/wiki/Golden_Temple
https://en.wikipedia.org/wiki/Golden_ratio
https://en.wikipedia.org/wiki/Good_Luck_to_You,_Leo_Grande
https://en.wikipedia.org/wiki/Google
https://en.wikipedia.org/wiki/Gopalkrishna_Gandhi
https://en.wikipedia.org/wiki/Greek_alphabet
https://en.wikipedia.org/wiki/Greg_Norman
https://en.wikipedia.org/wiki/Greg_Wise
https://en.wikipedia.org/wiki/Guardians_of_the_Galaxy_(film)
https://en.wikipedia.org/wiki/Guillermo_del_Toro
https://en.wikipedia.org/wiki/Gurgaon
https://en.wikipedia.org/wiki/HIT:_The_First_Case
https://en.wikipedia.org/wiki/HTTP_404
https://en.wikipedia.org/wiki/Halloween_Ends
https://en.wikipedia.org/wiki/Handkerchief_code
https://en.wikipedia.org/wiki/Harry's_House
https://en.wikipedia.org/wiki/Harry_Gration
https://en.wikipedia.org/wiki/Harry_Potter_and_the_Philosopher's_Stone_(film)
https://en.wikipedia.org/wiki/Harry_S._Truman
https://en.wikipedia.org/wiki/Harvey_Keitel
https://en.wikipedia.org/wiki/Heart_(band)
https://en.wikipedia.org/wiki/Heath_Ledger
https://en.wikipedia.org/wiki/Heather_Graham
https://en.wikipedia.org/wiki/Heavy_metal_music
https://en.wikipedia.org/wiki/Heidi_Klum
https://en.wikipedia.org/wiki/Helen_Hunt
https://en.wikipedia.org/wiki/Helen_Keller
https://en.wikipedia.org/wiki/Henry_Cavill
https://en.wikipedia.org/wiki/Henry_Golding
https://en.wikipedia.org/wiki/Hermann_Göring
https://en.wikipedia.org/wiki/Hibiscus
https://en.wikipedia.org/wiki/Hilary_Devey
https://en.wikipedia.org/wiki/Hillary_Clinton
https://en.wikipedia.org/wiki/Historical_rankings_of_presidents_of_the_United_States
https://en.wikipedia.org/wiki/Holger_Rune
https://en.wikipedia.org/wiki/Honestly,_Nevermind
https://en.wikipedia.org/wiki/Houston
https://en.wikipedia.org/wiki/Howl's_Moving_Castle_(film)
https://en.wikipedia.org/wiki/Human_penis
https://en.wikipedia.org/wiki/Hunter_King
https://en.wikipedia.org/wiki/Hunter_Schafer
https://en.wikipedia.org/wiki/Hunter_×_Hunter_(2011_TV_series)
https://en.wikipedia.org/wiki/Hydrangea
https://en.wikipedia.org/wiki/IU_(singer)
https://en.wikipedia.org/wiki/Idi_Amin
https://en.wikipedia.org/wiki/Iggy_Azalea
https://en.wikipedia.org/wiki/Iman_Vellani
https://en.wikipedia.org/wiki/Index_Librorum_Prohibitorum
https://en.wikipedia.org/wiki/Index_of_Windows_games_(S)
https://en.wikipedia.org/wiki/Indian_2
https://en.wikipedia.org/wiki/Indira_Varma
https://en.wikipedia.org/wiki/Inna_Lillahi_wa_inna_ilayhi_raji'un
https://en.wikipedia.org/wiki/Interstellar_(film)
https://en.wikipedia.org/wiki/Into_the_Wild_(film)
https://en.wikipedia.org/wiki/Invincible_(TV_series)
https://en.wikipedia.org/wiki/Ira_Aldridge
https://en.wikipedia.org/wiki/Irish_Republican_Army
https://en.wikipedia.org/wiki/Iron_Chef_America
https://en.wikipedia.org/wiki/Isabela_Merced
https://en.wikipedia.org/wiki/Islamic_State
https://en.wikipedia.org/wiki/Isma'ilism
https://en.wikipedia.org/wiki/Ivory_Coast
https://en.wikipedia.org/wiki/Ivy_League
https://en.wikipedia.org/wiki/J._B._Pritzker
https://en.wikipedia.org/wiki/J._Cole
https://en.wikipedia.org/wiki/Jack_Quaid
https://en.wikipedia.org/wiki/Jack_Sparrow
https://en.wikipedia.org/wiki/Jackson_Browne
https://en.wikipedia.org/wiki/Jacob_Hoggard
https://en.wikipedia.org/wiki/Jaden_Smith
https://en.wikipedia.org/wiki/Jagannath_Temple,_Puri
https://en.wikipedia.org/wiki/Jamaica
https://en.wikipedia.org/wiki/James_Acaster
https://en.wikipedia.org/wiki/James_Bond
https://en.wikipedia.org/wiki/James_Hunt
https://en.wikipedia.org/wiki/James_II_of_England
https://en.wikipedia.org/wiki/James_Patterson
https://en.wikipedia.org/wiki/Jamie_Chung
https://en.wikipedia.org/wiki/Jamie_Dimon
https://en.wikipedia.org/wiki/Jason_Bateman
https://en.wikipedia.org/wiki/Jason_Isaacs
https://en.wikipedia.org/wiki/Jason_Statham
https://en.wikipedia.org/wiki/Javier_Bardem
https://en.wikipedia.org/wiki/Jeanne_Tripplehorn
https://en.wikipedia.org/wiki/Jeff_Bridges
https://en.wikipedia.org/wiki/Jenna_Dewan
https://en.wikipedia.org/wiki/Jenny_Han
https://en.wikipedia.org/wiki/Jeremy_Clarkson
https://en.wikipedia.org/wiki/Jess_Bush
https://en.wikipedia.org/wiki/Jessica_Pegula
https://en.wikipedia.org/wiki/Joaquín_"El_Chapo"_Guzmán
https://en.wikipedia.org/wiki/Joe_Gallo
https://en.wikipedia.org/wiki/Joe_Hill_(writer)
https://en.wikipedia.org/wiki/Joe_Sakic
https://en.wikipedia.org/wiki/Joe_Walsh
https://en.wikipedia.org/wiki/John_Allen_Chau
https://en.wikipedia.org/wiki/John_Cazale
https://en.wikipedia.org/wiki/John_Forbes_Nash_Jr.
https://en.wikipedia.org/wiki/John_Isner
https://en.wikipedia.org/wiki/John_Krasinski
https://en.wikipedia.org/wiki/John_Leguizamo
https://en.wikipedia.org/wiki/John_Mellencamp
https://en.wikipedia.org/wiki/John_Turturro
https://en.wikipedia.org/wiki/John_Wick:_Chapter_3_–_Parabellum
https://en.wikipedia.org/wiki/Johnny_Carson
https://en.wikipedia.org/wiki/Johnny_Depp_filmography
https://en.wikipedia.org/wiki/Jon_Stewart
https://en.wikipedia.org/wiki/Jonah_Hill
https://en.wikipedia.org/wiki/Joseph_Colombo
https://en.wikipedia.org/wiki/Joseph_Goebbels
https://en.wikipedia.org/wiki/Joseph_Kosinski
https://en.wikipedia.org/wiki/Joseph_Stalin
https://en.wikipedia.org/wiki/Josh_Duggar
https://en.wikipedia.org/wiki/José_Mourinho
https://en.wikipedia.org/wiki/Juan_Carlos_I
https://en.wikipedia.org/wiki/Julee_Cruise
https://en.wikipedia.org/wiki/Juliette_Lewis
https://en.wikipedia.org/wiki/Julius_Francis
https://en.wikipedia.org/wiki/Julián_Álvarez_(footballer)
https://en.wikipedia.org/wiki/Jungle_Cruise_(film)
https://en.wikipedia.org/wiki/Justine_Musk
https://en.wikipedia.org/wiki/Kabhi_Eid_Kabhi_Diwali_(film)
https://en.wikipedia.org/wiki/Kajal_Aggarwal
https://en.wikipedia.org/wiki/Kaká
https://en.wikipedia.org/wiki/Kal_Penn
https://en.wikipedia.org/wiki/Kalidas_Jayaram
https://en.wikipedia.org/wiki/Kamal_Haasan
https://en.wikipedia.org/wiki/Karl_Marx
https://en.wikipedia.org/wiki/Karla_Homolka
https://en.wikipedia.org/wiki/Karnataka
https://en.wikipedia.org/wiki/Karthi
https://en.wikipedia.org/wiki/Kartik_Aaryan
https://en.wikipedia.org/wiki/Kate_Beckinsale
https://en.wikipedia.org/wiki/Kate_Bush_discography
https://en.wikipedia.org/wiki/Katee_Sackhoff
https://en.wikipedia.org/wiki/Katharine,_Duchess_of_Kent
https://en.wikipedia.org/wiki/Katheryn_Winnick
https://en.wikipedia.org/wiki/Katrina_Kaif
https://en.wikipedia.org/wiki/Kaya_Scodelario
https://en.wikipedia.org/wiki/Ke_Huy_Quan
https://en.wikipedia.org/wiki/Keegan_Murray
https://en.wikipedia.org/wiki/Keith_Raniere
https://en.wikipedia.org/wiki/Keith_Richards
https://en.wikipedia.org/wiki/Kelly_Holmes
https://en.wikipedia.org/wiki/Kelly_Jones
https://en.wikipedia.org/wiki/Kelly_LeBrock
https://en.wikipedia.org/wiki/Kelly_McGillis_filmography
https://en.wikipedia.org/wiki/Kenny_Atkinson
https://en.wikipedia.org/wiki/Kevin_De_Bruyne
https://en.wikipedia.org/wiki/Kevin_Durant
https://en.wikipedia.org/wiki/Khloé_Kardashian
https://en.wikipedia.org/wiki/Kievan_Rus'
https://en.wikipedia.org/wiki/Killing_Eve
https://en.wikipedia.org/wiki/Killing_of_Gabby_Petito
https://en.wikipedia.org/wiki/Killing_of_Osama_bin_Laden
https://en.wikipedia.org/wiki/Killing_of_Vincent_Chin
https://en.wikipedia.org/wiki/Kim_Basinger
https://en.wikipedia.org/wiki/Kimbal_Musk
https://en.wikipedia.org/wiki/King_Von
https://en.wikipedia.org/wiki/Knives_Out
https://en.wikipedia.org/wiki/Kolar_Gold_Fields
https://en.wikipedia.org/wiki/Komaram_Bheem
https://en.wikipedia.org/wiki/Komi_Can't_Communicate
https://en.wikipedia.org/wiki/Krishna_(Telugu_actor)
https://en.wikipedia.org/wiki/Kristin_Chenoweth
https://en.wikipedia.org/wiki/Ku_Klux_Klan
https://en.wikipedia.org/wiki/Kung_Fu_Panda
https://en.wikipedia.org/wiki/Kylie_Jenner
https://en.wikipedia.org/wiki/LGBT_pride
https://en.wikipedia.org/wiki/Labour_Party_(UK)
https://en.wikipedia.org/wiki/Lady_Louise_Windsor
https://en.wikipedia.org/wiki/Lance_Henriksen
https://en.wikipedia.org/wiki/Languages_of_India
https://en.wikipedia.org/wiki/Larry_David
https://en.wikipedia.org/wiki/Lauren_Boebert
https://en.wikipedia.org/wiki/Layne_Staley
https://en.wikipedia.org/wiki/Lee_Byung-hun
https://en.wikipedia.org/wiki/Lee_Harvey_Oswald
https://en.wikipedia.org/wiki/Lee_Mack
https://en.wikipedia.org/wiki/Lee_Min-ho
https://en.wikipedia.org/wiki/Left-_and_right-hand_traffic
https://en.wikipedia.org/wiki/Legacies_(TV_series)
https://en.wikipedia.org/wiki/Legality_of_cannabis
https://en.wikipedia.org/wiki/Legend_(2015_film)
https://en.wikipedia.org/wiki/Lennox_Lewis
https://en.wikipedia.org/wiki/Leon_Trotsky
https://en.wikipedia.org/wiki/Leslie_Bibb
https://en.wikipedia.org/wiki/Leslie_Mann
https://en.wikipedia.org/wiki/Lewis_Hamilton
https://en.wikipedia.org/wiki/Lexi_Thompson
https://en.wikipedia.org/wiki/Licorice_Pizza
https://en.wikipedia.org/wiki/Liechtenstein
https://en.wikipedia.org/wiki/Lilibet_Mountbatten-Windsor
https://en.wikipedia.org/wiki/Lily_James
https://en.wikipedia.org/wiki/Limonene
https://en.wikipedia.org/wiki/Linda_McCartney
https://en.wikipedia.org/wiki/LinkedIn
https://en.wikipedia.org/wiki/Lisa_Marie_Presley
https://en.wikipedia.org/wiki/List_of_2022_albums
https://en.wikipedia.org/wiki/List_of_A_Song_of_Ice_and_Fire_characters
https://en.wikipedia.org/wiki/List_of_All_American_episodes
https://en.wikipedia.org/wiki/List_of_Breaking_Bad_episodes
https://en.wikipedia.org/wiki/List_of_Doctor_Who_episodes_(2005–present)
https://en.wikipedia.org/wiki/List_of_Fantastic_Beasts_characters
https://en.wikipedia.org/wiki/List_of_Game_of_Thrones_episodes
https://en.wikipedia.org/wiki/List_of_Grand_Slam_men's_singles_champions
https://en.wikipedia.org/wiki/List_of_Hindi_film_families
https://en.wikipedia.org/wiki/List_of_Jurassic_Park_characters
https://en.wikipedia.org/wiki/List_of_Microsoft_Windows_versions
https://en.wikipedia.org/wiki/List_of_Outlander_episodes
https://en.wikipedia.org/wiki/List_of_Riverdale_episodes
https://en.wikipedia.org/wiki/List_of_Roman_emperors
https://en.wikipedia.org/wiki/List_of_Running_Man_episodes
https://en.wikipedia.org/wiki/List_of_Sonic_the_Hedgehog_characters
https://en.wikipedia.org/wiki/List_of_Star_Wars_television_series
https://en.wikipedia.org/wiki/List_of_TCP_and_UDP_port_numbers
https://en.wikipedia.org/wiki/List_of_WWE_pay-per-view_and_WWE_Network_events
https://en.wikipedia.org/wiki/List_of_countries_by_GDP_(PPP)
https://en.wikipedia.org/wiki/List_of_countries_by_GDP_(PPP)_per_capita
https://en.wikipedia.org/wiki/List_of_countries_by_GDP_(nominal)
https://en.wikipedia.org/wiki/List_of_country_calling_codes
https://en.wikipedia.org/wiki/List_of_current_UFC_fighters
https://en.wikipedia.org/wiki/List_of_equipment_of_the_Russian_Ground_Forces
https://en.wikipedia.org/wiki/List_of_most-streamed_songs_on_Spotify
https://en.wikipedia.org/wiki/List_of_ongoing_armed_conflicts
https://en.wikipedia.org/wiki/List_of_programs_broadcast_by_Cartoon_Network
https://en.wikipedia.org/wiki/List_of_royalty_by_net_worth
https://en.wikipedia.org/wiki/List_of_top_international_men's_football_goal_scorers_by_country
https://en.wikipedia.org/wiki/List_of_unusual_deaths
https://en.wikipedia.org/wiki/Lists_of_One_Piece_episodes
https://en.wikipedia.org/wiki/Lists_of_deaths_by_year
https://en.wikipedia.org/wiki/Liza_Minnelli
https://en.wikipedia.org/wiki/Lockheed_C-130_Hercules
https://en.wikipedia.org/wiki/Lockheed_Martin_F-22_Raptor
https://en.wikipedia.org/wiki/Lockheed_Martin_SR-72
https://en.wikipedia.org/wiki/Lockheed_SR-71_Blackbird
https://en.wikipedia.org/wiki/Lokesh_Kanagaraj
https://en.wikipedia.org/wiki/Loki_(TV_series)
https://en.wikipedia.org/wiki/Lord_Voldemort
https://en.wikipedia.org/wiki/Lou_Gehrig
https://en.wikipedia.org/wiki/Love_Island_(2015_TV_series,_series_8)
https://en.wikipedia.org/wiki/Loving_v._Virginia
https://en.wikipedia.org/wiki/Lucifer
https://en.wikipedia.org/wiki/Lucille_Ball
https://en.wikipedia.org/wiki/Luka_Dončić
https://en.wikipedia.org/wiki/Luke_Grimes
https://en.wikipedia.org/wiki/Lyle_and_Erik_Menendez
https://en.wikipedia.org/wiki/Ma_Prem_Hasya
https://en.wikipedia.org/wiki/Macaulay_Culkin
https://en.wikipedia.org/wiki/Mad_God
https://en.wikipedia.org/wiki/Mad_Men
https://en.wikipedia.org/wiki/Maggie_Baird
https://en.wikipedia.org/wiki/Maharshi_(2019_film)
https://en.wikipedia.org/wiki/Maine
https://en.wikipedia.org/wiki/Malta
https://en.wikipedia.org/wiki/Man_vs._Bee
https://en.wikipedia.org/wiki/Manifest_(TV_series)
https://en.wikipedia.org/wiki/Marc_Anthony
https://en.wikipedia.org/wiki/Margaret_Atwood
https://en.wikipedia.org/wiki/Margaret_Campbell,_Duchess_of_Argyll
https://en.wikipedia.org/wiki/Maria_Sharapova
https://en.wikipedia.org/wiki/Marie_Curie
https://en.wikipedia.org/wiki/Marilyn_Manson
https://en.wikipedia.org/wiki/Mario_Puzo
https://en.wikipedia.org/wiki/Marion_Barber_III
https://en.wikipedia.org/wiki/Mark_Zuckerberg
https://en.wikipedia.org/wiki/Marquinhos_(footballer,_born_2003)
https://en.wikipedia.org/wiki/Martin_Freeman
https://en.wikipedia.org/wiki/Martin_Sheen
https://en.wikipedia.org/wiki/Marvel_Studios
https://en.wikipedia.org/wiki/Mary,_mother_of_Jesus
https://en.wikipedia.org/wiki/Mary_Steenburgen
https://en.wikipedia.org/wiki/Mass_shooting
https://en.wikipedia.org/wiki/Massachusetts
https://en.wikipedia.org/wiki/Matilda_(1996_film)
https://en.wikipedia.org/wiki/Maya_Rudolph
https://en.wikipedia.org/wiki/Maya_civilization
https://en.wikipedia.org/wiki/Mayim_Bialik
https://en.wikipedia.org/wiki/Megan_Rapinoe
https://en.wikipedia.org/wiki/Melissa_Gilbert
https://en.wikipedia.org/wiki/Messenger_(software)
https://en.wikipedia.org/wiki/Metronidazole
https://en.wikipedia.org/wiki/Michael_Clarke_Duncan
https://en.wikipedia.org/wiki/Michael_Ironside
https://en.wikipedia.org/wiki/Michael_Mando
https://en.wikipedia.org/wiki/Michael_McKean
https://en.wikipedia.org/wiki/Michael_Obafemi
https://en.wikipedia.org/wiki/Michael_Oher
https://en.wikipedia.org/wiki/Michelle_Obama
https://en.wikipedia.org/wiki/Mick_Schumacher
https://en.wikipedia.org/wiki/Microsoft
https://en.wikipedia.org/wiki/Miles_Teller
https://en.wikipedia.org/wiki/Millennials
https://en.wikipedia.org/wiki/Mission:_Impossible_–_Ghost_Protocol
https://en.wikipedia.org/wiki/Mission:_Impossible_–_Rogue_Nation
https://en.wikipedia.org/wiki/Mississippi
https://en.wikipedia.org/wiki/Mitt_Romney
https://en.wikipedia.org/wiki/Mohanlal
https://en.wikipedia.org/wiki/Mongol_Empire
https://en.wikipedia.org/wiki/Monica_Lewinsky
https://en.wikipedia.org/wiki/Montauk_Project
https://en.wikipedia.org/wiki/Morocco
https://en.wikipedia.org/wiki/Mouni_Roy
https://en.wikipedia.org/wiki/Mr_Cruel
https://en.wikipedia.org/wiki/Ms._Marvel_(TV_series)
https://en.wikipedia.org/wiki/Muhammad_Ali_Jinnah
https://en.wikipedia.org/wiki/Murder_of_Dee_Dee_Blanchard
https://en.wikipedia.org/wiki/Murder_of_John_Lennon
https://en.wikipedia.org/wiki/Murder_of_Sandra_Cantu
https://en.wikipedia.org/wiki/Murders_of_Abigail_Williams_and_Liberty_German
https://en.wikipedia.org/wiki/Måneskin
https://en.wikipedia.org/wiki/N._T._Rama_Rao
https://en.wikipedia.org/wiki/Nancy_Spungen
https://en.wikipedia.org/wiki/Napoleon_Dynamite
https://en.wikipedia.org/wiki/Narain_(actor)
https://en.wikipedia.org/wiki/Nathan_Fillion
https://en.wikipedia.org/wiki/National_Football_League
https://en.wikipedia.org/wiki/Ncuti_Gatwa
https://en.wikipedia.org/wiki/New_York_(state)
https://en.wikipedia.org/wiki/New_wave_music
https://en.wikipedia.org/wiki/Next_United_Kingdom_general_election
https://en.wikipedia.org/wiki/Nia_Long
https://en.wikipedia.org/wiki/Nicco_Annan
https://en.wikipedia.org/wiki/Nick_Young_(basketball)
https://en.wikipedia.org/wiki/Niger
https://en.wikipedia.org/wiki/Niki_Lauda
https://en.wikipedia.org/wiki/Nirvana_(band)
https://en.wikipedia.org/wiki/No_Country_for_Old_Men
https://en.wikipedia.org/wiki/Noomi_Rapace
https://en.wikipedia.org/wiki/Nope_(film)
https://en.wikipedia.org/wiki/Normal_People_(TV_series)
https://en.wikipedia.org/wiki/North_Macedonia
https://en.wikipedia.org/wiki/North_Sentinel_Island
https://en.wikipedia.org/wiki/Null
https://en.wikipedia.org/wiki/O._J._Simpson
https://en.wikipedia.org/wiki/OPEC
https://en.wikipedia.org/wiki/Odin
https://en.wikipedia.org/wiki/Oklahoma_City_bombing
https://en.wikipedia.org/wiki/Omar_Sy
https://en.wikipedia.org/wiki/One_Direction
https://en.wikipedia.org/wiki/One_Piece_(TV_series)
https://en.wikipedia.org/wiki/Online_gambling
https://en.wikipedia.org/wiki/Online_shopping
https://en.wikipedia.org/wiki/Orca
https://en.wikipedia.org/wiki/Orlando_Bloom
https://en.wikipedia.org/wiki/Oscar_Isaac
https://en.wikipedia.org/wiki/Oscar_Wilde
https://en.wikipedia.org/wiki/Otto_von_Bismarck
https://en.wikipedia.org/wiki/Outlook.com
https://en.wikipedia.org/wiki/P-Valley
https://en.wikipedia.org/wiki/PDF
https://en.wikipedia.org/wiki/Pamela_Rooke
https://en.wikipedia.org/wiki/Pancreatitis
https://en.wikipedia.org/wiki/Pansexuality
https://en.wikipedia.org/wiki/Panther_KF51
https://en.wikipedia.org/wiki/Paola_Franchi
https://en.wikipedia.org/wiki/Papua_New_Guinea
https://en.wikipedia.org/wiki/Paracetamol
https://en.wikipedia.org/wiki/Parker_Posey
https://en.wikipedia.org/wiki/Parliament_of_India
https://en.wikipedia.org/wiki/Paul_Allen
https://en.wikipedia.org/wiki/Paul_Cook
https://en.wikipedia.org/wiki/Paul_Reiser
https://en.wikipedia.org/wiki/Paul_Reubens
https://en.wikipedia.org/wiki/Paul_Thomas_Anderson
https://en.wikipedia.org/wiki/Paul_Wesley
https://en.wikipedia.org/wiki/Peaky_Blinders
https://en.wikipedia.org/wiki/Pelé
https://en.wikipedia.org/wiki/PepsiCo
https://en.wikipedia.org/wiki/Persian_language
https://en.wikipedia.org/wiki/Persuasion_(novel)
https://en.wikipedia.org/wiki/Peru
https://en.wikipedia.org/wiki/Peter_Falk
https://en.wikipedia.org/wiki/Phil_Hartman
https://en.wikipedia.org/wiki/Philadelphia_76ers
https://en.wikipedia.org/wiki/Philippines
https://en.wikipedia.org/wiki/Phoebe_Dynevor
https://en.wikipedia.org/wiki/Pinocchio_(2022_live-action_film)
https://en.wikipedia.org/wiki/Planned_Parenthood_v._Casey
https://en.wikipedia.org/wiki/Pokémon_(video_game_series)
https://en.wikipedia.org/wiki/Post_Malone
https://en.wikipedia.org/wiki/Potential_enlargement_of_the_European_Union
https://en.wikipedia.org/wiki/Predator_(film)
https://en.wikipedia.org/wiki/Priah_Ferguson
https://en.wikipedia.org/wiki/Prime_Minister_of_the_United_Kingdom
https://en.wikipedia.org/wiki/Prince_Richard,_Duke_of_Gloucester
https://en.wikipedia.org/wiki/Princess_Charlotte_of_Cambridge
https://en.wikipedia.org/wiki/Prohibition_in_the_United_States
https://en.wikipedia.org/wiki/Pronunciation_of_GIF
https://en.wikipedia.org/wiki/Prussia
https://en.wikipedia.org/wiki/Psoriasis
https://en.wikipedia.org/wiki/Pulp_Fiction
https://en.wikipedia.org/wiki/Python_(programming_language)
https://en.wikipedia.org/wiki/Qatar
https://en.wikipedia.org/wiki/Queer_as_Folk_(2022_TV_series)
https://en.wikipedia.org/wiki/Quincy_Jones
https://en.wikipedia.org/wiki/Rabbit
https://en.wikipedia.org/wiki/Raccoon
https://en.wikipedia.org/wiki/Rachel_Zegler
https://en.wikipedia.org/wiki/Raindrop_cake
https://en.wikipedia.org/wiki/Rajasthan
https://en.wikipedia.org/wiki/Rajesh_Khanna
https://en.wikipedia.org/wiki/Rakul_Preet_Singh
https://en.wikipedia.org/wiki/Rami_Malek
https://en.wikipedia.org/wiki/Ramsay_Hunt_syndrome
https://en.wikipedia.org/wiki/Randy_Orton
https://en.wikipedia.org/wiki/Randy_Savage
https://en.wikipedia.org/wiki/Ranji_Trophy
https://en.wikipedia.org/wiki/Ratan_Tata
https://en.wikipedia.org/wiki/Ray_Charles
https://en.wikipedia.org/wiki/Raymond_Burr
https://en.wikipedia.org/wiki/React_(JavaScript_library)
https://en.wikipedia.org/wiki/Rebecca_Romijn
https://en.wikipedia.org/wiki/Red_panda
https://en.wikipedia.org/wiki/Renaissance_(Beyoncé_album)
https://en.wikipedia.org/wiki/Representational_state_transfer
https://en.wikipedia.org/wiki/Rhea_Perlman
https://en.wikipedia.org/wiki/Rhea_Ripley
https://en.wikipedia.org/wiki/Richard_Gere
https://en.wikipedia.org/wiki/Richard_Pryor
https://en.wikipedia.org/wiki/Riley_Keough
https://en.wikipedia.org/wiki/River_Phoenix
https://en.wikipedia.org/wiki/Roald_Dahl
https://en.wikipedia.org/wiki/Robert_Eggers
https://en.wikipedia.org/wiki/Robert_Evans
https://en.wikipedia.org/wiki/Robert_F._Kennedy
https://en.wikipedia.org/wiki/Robert_Kardashian
https://en.wikipedia.org/wiki/Robert_Redford
https://en.wikipedia.org/wiki/Robert_Sheehan
https://en.wikipedia.org/wiki/Rocky_Marciano
https://en.wikipedia.org/wiki/Roman_Reigns
https://en.wikipedia.org/wiki/Rosamund_Pike
https://en.wikipedia.org/wiki/Rose_Byrne
https://en.wikipedia.org/wiki/Rothschild_family
https://en.wikipedia.org/wiki/Roulette
https://en.wikipedia.org/wiki/Ruhollah_Khomeini
https://en.wikipedia.org/wiki/Rulon_Jeffs
https://en.wikipedia.org/wiki/Rumi
https://en.wikipedia.org/wiki/Runway_34
https://en.wikipedia.org/wiki/Rupert_Murdoch
https://en.wikipedia.org/wiki/Russell_Wilson
https://en.wikipedia.org/wiki/Russo-Ukrainian_War
https://en.wikipedia.org/wiki/S.L._Benfica
https://en.wikipedia.org/wiki/SCP_Foundation
https://en.wikipedia.org/wiki/SQL
https://en.wikipedia.org/wiki/Saab_JAS_39_Gripen
https://en.wikipedia.org/wiki/Saint_Peter
https://en.wikipedia.org/wiki/Sam_Asghari
https://en.wikipedia.org/wiki/Sam_Mendes
https://en.wikipedia.org/wiki/Sam_Rockwell
https://en.wikipedia.org/wiki/Sam_Ryder_(singer)
https://en.wikipedia.org/wiki/Sam_Witwer
https://en.wikipedia.org/wiki/Samuel_Benchetrit
https://en.wikipedia.org/wiki/San_Diego
https://en.wikipedia.org/wiki/Sanna_Marin
https://en.wikipedia.org/wiki/Santorini
https://en.wikipedia.org/wiki/Satan
https://en.wikipedia.org/wiki/Scarlett_Johansson
https://en.wikipedia.org/wiki/Science
https://en.wikipedia.org/wiki/Scottie_Pippen
https://en.wikipedia.org/wiki/Seann_William_Scott
https://en.wikipedia.org/wiki/Sebastian_Stan
https://en.wikipedia.org/wiki/Secret_Invasion_(TV_series)
https://en.wikipedia.org/wiki/September_11_attacks
https://en.wikipedia.org/wiki/Serena_Williams
https://en.wikipedia.org/wiki/Severance_(TV_series)
https://en.wikipedia.org/wiki/Sexual_intercourse
https://en.wikipedia.org/wiki/Sha'Carri_Richardson
https://en.wikipedia.org/wiki/Shah_Rukh_Khan_filmography
https://en.wikipedia.org/wiki/Shane_Warne
https://en.wikipedia.org/wiki/Shang-Chi_and_the_Legend_of_the_Ten_Rings
https://en.wikipedia.org/wiki/Sherlock_(TV_series)
https://en.wikipedia.org/wiki/Sicario_(2015_film)
https://en.wikipedia.org/wiki/Sicilian_Mafia
https://en.wikipedia.org/wiki/Sigmund_Freud
https://en.wikipedia.org/wiki/Simranjit_Singh_Mann
https://en.wikipedia.org/wiki/Sinking_of_the_Titanic
https://en.wikipedia.org/wiki/Sinéad_O'Connor
https://en.wikipedia.org/wiki/Skathi_(moon)
https://en.wikipedia.org/wiki/Skunk_Works
https://en.wikipedia.org/wiki/Skylar_Astin
https://en.wikipedia.org/wiki/Son_Ye-jin
https://en.wikipedia.org/wiki/Song_Joong-ki
https://en.wikipedia.org/wiki/Sonic_the_Hedgehog_(film)
https://en.wikipedia.org/wiki/Sonny_Barger
https://en.wikipedia.org/wiki/Sonny_Bono
https://en.wikipedia.org/wiki/South_America
https://en.wikipedia.org/wiki/South_Park
https://en.wikipedia.org/wiki/Southeast_Asia
https://en.wikipedia.org/wiki/Spain
https://en.wikipedia.org/wiki/Spanish_flu
https://en.wikipedia.org/wiki/Special_Air_Service
https://en.wikipedia.org/wiki/Spike_Jonze
https://en.wikipedia.org/wiki/Spinosaurus
https://en.wikipedia.org/wiki/Spotify
https://en.wikipedia.org/wiki/St._Louis
https://en.wikipedia.org/wiki/Stan_Wawrinka
https://en.wikipedia.org/wiki/Stanley_Meyer's_water_fuel_cell
https://en.wikipedia.org/wiki/Star_Citizen
https://en.wikipedia.org/wiki/Star_Trek
https://en.wikipedia.org/wiki/Star_Trek:_The_Next_Generation
https://en.wikipedia.org/wiki/Star_Trek:_The_Original_Series
https://en.wikipedia.org/wiki/Star_Wars_(film)
https://en.wikipedia.org/wiki/Statue_of_Liberty
https://en.wikipedia.org/wiki/Steely_Dan
https://en.wikipedia.org/wiki/Steve_Perry
https://en.wikipedia.org/wiki/Steven_Tyler
https://en.wikipedia.org/wiki/Stone_Cold_Steve_Austin
https://en.wikipedia.org/wiki/Stranger_Things_(season_1)
https://en.wikipedia.org/wiki/Streisand_effect
https://en.wikipedia.org/wiki/Stuart_Broad
https://en.wikipedia.org/wiki/Studio_Ghibli
https://en.wikipedia.org/wiki/Succession_to_the_British_throne
https://en.wikipedia.org/wiki/Sukhoi_Su-57
https://en.wikipedia.org/wiki/Suki_Waterhouse
https://en.wikipedia.org/wiki/SummerSlam_(2022)
https://en.wikipedia.org/wiki/Sun
https://en.wikipedia.org/wiki/Superstore_(TV_series)
https://en.wikipedia.org/wiki/Suriya
https://en.wikipedia.org/wiki/T-Series_(company)
https://en.wikipedia.org/wiki/Taika_Waititi
https://en.wikipedia.org/wiki/Tara_Sutaria
https://en.wikipedia.org/wiki/Taron_Egerton
https://en.wikipedia.org/wiki/Taylor_Sheridan
https://en.wikipedia.org/wiki/Tears_for_Fears
https://en.wikipedia.org/wiki/Ted_Bundy
https://en.wikipedia.org/wiki/Tel_Aviv
https://en.wikipedia.org/wiki/Territories_of_the_United_States
https://en.wikipedia.org/wiki/Thailand
https://en.wikipedia.org/wiki/The_Addams_Family
https://en.wikipedia.org/wiki/The_Amazing_Spider-Man_(film)
https://en.wikipedia.org/wiki/The_Bahamas
https://en.wikipedia.org/wiki/The_Ballad_of_Songbirds_and_Snakes
https://en.wikipedia.org/wiki/The_Chicks
https://en.wikipedia.org/wiki/The_Coca-Cola_Company
https://en.wikipedia.org/wiki/The_Conjuring
https://en.wikipedia.org/wiki/The_Deep_End_of_the_Ocean_(film)
https://en.wikipedia.org/wiki/The_Devil_Wears_Prada_(film)
https://en.wikipedia.org/wiki/The_French_Dispatch
https://en.wikipedia.org/wiki/The_Good_Place
https://en.wikipedia.org/wiki/The_Lady_of_Heaven
https://en.wikipedia.org/wiki/The_Last_of_Us_Part_II
https://en.wikipedia.org/wiki/The_Lesser_Key_of_Solomon
https://en.wikipedia.org/wiki/The_Martian_(film)
https://en.wikipedia.org/wiki/The_Mummy_(1999_film)
https://en.wikipedia.org/wiki/The_Munsters_(2022_film)
https://en.wikipedia.org/wiki/The_Offer
https://en.wikipedia.org/wiki/The_Owl_House
https://en.wikipedia.org/wiki/The_Picture_of_Dorian_Gray
https://en.wikipedia.org/wiki/The_Sadness
https://en.wikipedia.org/wiki/The_Staircase_(miniseries)
https://en.wikipedia.org/wiki/The_Time_Traveler's_Wife_(TV_series)
https://en.wikipedia.org/wiki/The_Visit_(2015_American_film)
https://en.wikipedia.org/wiki/The_Wachowskis
https://en.wikipedia.org/wiki/The_Worst_Person_in_the_World_(film)
https://en.wikipedia.org/wiki/The_Yellow_Wallpaper
https://en.wikipedia.org/wiki/Thirty_Years'_War
https://en.wikipedia.org/wiki/This_Is_Us
https://en.wikipedia.org/wiki/Thomas_Müller
https://en.wikipedia.org/wiki/Thomas_Seymour,_1st_Baron_Seymour_of_Sudeley
https://en.wikipedia.org/wiki/Thor:_The_Dark_World
https://en.wikipedia.org/wiki/Three_Mile_Island_accident
https://en.wikipedia.org/wiki/Thurgood_Marshall
https://en.wikipedia.org/wiki/Tim_Kennedy_(fighter)
https://en.wikipedia.org/wiki/Tim_Robbins
https://en.wikipedia.org/wiki/Tim_Sale_(artist)
https://en.wikipedia.org/wiki/Time_zone
https://en.wikipedia.org/wiki/Timur
https://en.wikipedia.org/wiki/Toby_Keith
https://en.wikipedia.org/wiki/Tom_Brady
https://en.wikipedia.org/wiki/Tom_Ford
https://en.wikipedia.org/wiki/Tom_Petty
https://en.wikipedia.org/wiki/Tomodachi_Game
https://en.wikipedia.org/wiki/Toni_Collette
https://en.wikipedia.org/wiki/Top_Gun:_Maverick
https://en.wikipedia.org/wiki/Top_Gun_(soundtrack)
https://en.wikipedia.org/wiki/Tramadol
https://en.wikipedia.org/wiki/Trans_woman
https://en.wikipedia.org/wiki/Travis_Scott
https://en.wikipedia.org/wiki/Tupac_Shakur
https://en.wikipedia.org/wiki/Turing_test
https://en.wikipedia.org/wiki/Turkey
https://en.wikipedia.org/wiki/Twin_Peaks
https://en.wikipedia.org/wiki/UEFA_Europa_Conference_League
https://en.wikipedia.org/wiki/USB
https://en.wikipedia.org/wiki/USS_Kearsarge_(LHD-3)
https://en.wikipedia.org/wiki/US_Open_(tennis)
https://en.wikipedia.org/wiki/Uncut_Gems
https://en.wikipedia.org/wiki/Union_Jack
https://en.wikipedia.org/wiki/United_Kingdom
https://en.wikipedia.org/wiki/United_States_Army_Special_Forces
https://en.wikipedia.org/wiki/United_States_Bill_of_Rights
https://en.wikipedia.org/wiki/United_States_House_Select_Committee_on_the_January_6_Attack
https://en.wikipedia.org/wiki/United_States_Marine_Corps
https://en.wikipedia.org/wiki/United_States_Navy
https://en.wikipedia.org/wiki/United_States_Senate
https://en.wikipedia.org/wiki/United_States_presidential_line_of_succession
https://en.wikipedia.org/wiki/Until_Dawn
https://en.wikipedia.org/wiki/Urdu
https://en.wikipedia.org/wiki/Val_Kilmer
https://en.wikipedia.org/wiki/Valentina_Shevchenko
https://en.wikipedia.org/wiki/Valerie_Bertinelli
https://en.wikipedia.org/wiki/Vanessa_Redgrave
https://en.wikipedia.org/wiki/Vasiliy_Lomachenko
https://en.wikipedia.org/wiki/Vecna
https://en.wikipedia.org/wiki/Vera_Farmiga
https://en.wikipedia.org/wiki/Vikram_(2022_film)
https://en.wikipedia.org/wiki/Vince_Neil
https://en.wikipedia.org/wiki/Virata_Parvam
https://en.wikipedia.org/wiki/Virgil_Abloh
https://en.wikipedia.org/wiki/Vishal_(actor)
https://en.wikipedia.org/wiki/Vitinha_(footballer,_born_2000)
https://en.wikipedia.org/wiki/Viz_Media
https://en.wikipedia.org/wiki/Vlad_the_Impaler
https://en.wikipedia.org/wiki/Voice_of_Vietnam
https://en.wikipedia.org/wiki/WWE_Clash_at_the_Castle
https://en.wikipedia.org/wiki/Wagner_Group
https://en.wikipedia.org/wiki/Wars_of_the_Roses
https://en.wikipedia.org/wiki/Washington_(state)
https://en.wikipedia.org/wiki/Wendigo
https://en.wikipedia.org/wiki/Werner_Herzog
https://en.wikipedia.org/wiki/West_Memphis_Three
https://en.wikipedia.org/wiki/Westworld_(TV_series)
https://en.wikipedia.org/wiki/What_We_Do_in_the_Shadows_(TV_series)
https://en.wikipedia.org/wiki/What_is_a_Woman?
https://en.wikipedia.org/wiki/Whiplash_(2014_film)
https://en.wikipedia.org/wiki/White_House
https://en.wikipedia.org/wiki/Whoopi_Goldberg
https://en.wikipedia.org/wiki/Wicked_(musical)
https://en.wikipedia.org/wiki/Wilhelm_II,_German_Emperor
https://en.wikipedia.org/wiki/Will_Arnett
https://en.wikipedia.org/wiki/Will_Ospreay
https://en.wikipedia.org/wiki/William_Baldwin
https://en.wikipedia.org/wiki/William_Barr
https://en.wikipedia.org/wiki/William_Shakespeare
https://en.wikipedia.org/wiki/William_Shatner
https://en.wikipedia.org/wiki/Willow_(film)
https://en.wikipedia.org/wiki/Windows_10_version_history
https://en.wikipedia.org/wiki/Wizarding_World
https://en.wikipedia.org/wiki/Wolf_Alice
https://en.wikipedia.org/wiki/Wordle
https://en.wikipedia.org/wiki/World_Heritage_Site
https://en.wikipedia.org/wiki/World_Trade_Center_(1973–2001)
https://en.wikipedia.org/wiki/World_War_I
https://en.wikipedia.org/wiki/Wu-Tang_Clan
https://en.wikipedia.org/wiki/Yakuza
https://en.wikipedia.org/wiki/Yandex
https://en.wikipedia.org/wiki/Yellowjackets_(TV_series)
https://en.wikipedia.org/wiki/Yolanda_Hadid
https://en.wikipedia.org/wiki/ZZ_Top
https://en.wikipedia.org/wiki/Zac_Efron
https://en.wikipedia.org/wiki/Zack_Snyder's_Justice_League
https://en.wikipedia.org/wiki/Zhang_Weili
https://en.wikipedia.org/wiki/Ștefania_Mărăcineanu
